[VMEM] WARNING: physical memory size is smaller than virtual memory size.
WARNING: option --warmup_instructions is deprecated. Use --warmup-instructions instead.
WARNING: option --simulation_instructions is deprecated. Use --simulation-instructions instead.

*** ChampSim Multicore Out-of-Order Simulator ***
Warmup Instructions: 20000000
Simulation Instructions: 50000000
Number of CPUs: 1
Page size: 4096

Off-chip DRAM Size: 16 GiB Channels: 1 Width: 64-bit Data Rate: 3205 MT/s
Heartbeat CPU 0 instructions: 10000001 cycles: 10717373 heartbeat IPC: 0.9331 cumulative IPC: 0.9331 (Simulation time: 00 hr 01 min 00 sec)
Heartbeat CPU 0 instructions: 20000003 cycles: 21431991 heartbeat IPC: 0.9333 cumulative IPC: 0.9332 (Simulation time: 00 hr 02 min 00 sec)
Warmup finished CPU 0 instructions: 20000003 cycles: 21431991 cumulative IPC: 0.9332 (Simulation time: 00 hr 02 min 00 sec)
Warmup complete CPU 0 instructions: 20000003 cycles: 21431991 cumulative IPC: 0.9332 (Simulation time: 00 hr 02 min 00 sec)
Heartbeat CPU 0 instructions: 30000007 cycles: 33128220 heartbeat IPC: 0.855 cumulative IPC: 0.855 (Simulation time: 00 hr 02 min 56 sec)
Heartbeat CPU 0 instructions: 40000009 cycles: 44806543 heartbeat IPC: 0.8563 cumulative IPC: 0.8556 (Simulation time: 00 hr 03 min 51 sec)
Heartbeat CPU 0 instructions: 50000012 cycles: 56492478 heartbeat IPC: 0.8557 cumulative IPC: 0.8557 (Simulation time: 00 hr 04 min 46 sec)
Heartbeat CPU 0 instructions: 60000012 cycles: 68114171 heartbeat IPC: 0.8605 cumulative IPC: 0.8569 (Simulation time: 00 hr 05 min 40 sec)
Simulation finished CPU 0 instructions: 50000003 cycles: 58303461 cumulative IPC: 0.8576 (Simulation time: 00 hr 06 min 35 sec)
Simulation complete CPU 0 instructions: 50000003 cycles: 58303461 cumulative IPC: 0.8576 (Simulation time: 00 hr 06 min 35 sec)

ChampSim completed all CPUs

=== Simulation ===
CPU 0 runs traces/456.hmmer-191B.champsimtrace.xz

Region of Interest Statistics

CPU 0 cumulative IPC: 0.8576 instructions: 50000003 cycles: 58303461
CPU 0 Branch Prediction Accuracy: 99.54% MPKI: 0.2056 Average ROB Occupancy at Mispredict: 180.1
Branch type MPKI
BRANCH_DIRECT_JUMP: 0.00128
BRANCH_INDIRECT: 0.00088
BRANCH_CONDITIONAL: 0.1998
BRANCH_DIRECT_CALL: 0.00166
BRANCH_INDIRECT_CALL: 0.00018
BRANCH_RETURN: 0.00174

cpu0->LLC TOTAL        ACCESS:     265321 HIT:     196784 MISS:      68537 MISS_MERGE:          0
cpu0->LLC LOAD         ACCESS:       6638 HIT:       4005 MISS:       2633 MISS_MERGE:          0
cpu0->LLC RFO          ACCESS:     128726 HIT:      62906 MISS:      65820 MISS_MERGE:          0
cpu0->LLC PREFETCH     ACCESS:          0 HIT:          0 MISS:          0 MISS_MERGE:          0
cpu0->LLC WRITE        ACCESS:     129867 HIT:     129865 MISS:          2 MISS_MERGE:          0
cpu0->LLC TRANSLATION  ACCESS:         90 HIT:          8 MISS:         82 MISS_MERGE:          0
cpu0->LLC PREFETCH REQUESTED:          0 ISSUED:          0 USEFUL:          0 USELESS:          0
cpu0->LLC AVERAGE MISS LATENCY: 184.7 cycles
cpu0->cpu0_DTLB TOTAL        ACCESS:   26679513 HIT:   26671099 MISS:       8414 MISS_MERGE:       4718
cpu0->cpu0_DTLB LOAD         ACCESS:   26679513 HIT:   26671099 MISS:       8414 MISS_MERGE:       4718
cpu0->cpu0_DTLB RFO          ACCESS:          0 HIT:          0 MISS:          0 MISS_MERGE:          0
cpu0->cpu0_DTLB PREFETCH     ACCESS:          0 HIT:          0 MISS:          0 MISS_MERGE:          0
cpu0->cpu0_DTLB WRITE        ACCESS:          0 HIT:          0 MISS:          0 MISS_MERGE:          0
cpu0->cpu0_DTLB TRANSLATION  ACCESS:          0 HIT:          0 MISS:          0 MISS_MERGE:          0
cpu0->cpu0_DTLB PREFETCH REQUESTED:          0 ISSUED:          0 USEFUL:          0 USELESS:          0
cpu0->cpu0_DTLB AVERAGE MISS LATENCY: 29.42 cycles
cpu0->cpu0_ITLB TOTAL        ACCESS:   13907513 HIT:   13907451 MISS:         62 MISS_MERGE:         29
cpu0->cpu0_ITLB LOAD         ACCESS:   13907513 HIT:   13907451 MISS:         62 MISS_MERGE:         29
cpu0->cpu0_ITLB RFO          ACCESS:          0 HIT:          0 MISS:          0 MISS_MERGE:          0
cpu0->cpu0_ITLB PREFETCH     ACCESS:          0 HIT:          0 MISS:          0 MISS_MERGE:          0
cpu0->cpu0_ITLB WRITE        ACCESS:          0 HIT:          0 MISS:          0 MISS_MERGE:          0
cpu0->cpu0_ITLB TRANSLATION  ACCESS:          0 HIT:          0 MISS:          0 MISS_MERGE:          0
cpu0->cpu0_ITLB PREFETCH REQUESTED:          0 ISSUED:          0 USEFUL:          0 USELESS:          0
cpu0->cpu0_ITLB AVERAGE MISS LATENCY: 306.8 cycles
cpu0->cpu0_L1D TOTAL        ACCESS:   26680429 HIT:   25816750 MISS:     863679 MISS_MERGE:     689109
cpu0->cpu0_L1D LOAD         ACCESS:   19657571 HIT:   19611846 MISS:      45725 MISS_MERGE:       4636
cpu0->cpu0_L1D RFO          ACCESS:          0 HIT:          0 MISS:          0 MISS_MERGE:          0
cpu0->cpu0_L1D PREFETCH     ACCESS:          0 HIT:          0 MISS:          0 MISS_MERGE:          0
cpu0->cpu0_L1D WRITE        ACCESS:    7022056 HIT:    6204196 MISS:     817860 MISS_MERGE:     684473
cpu0->cpu0_L1D TRANSLATION  ACCESS:        802 HIT:        708 MISS:         94 MISS_MERGE:          0
cpu0->cpu0_L1D PREFETCH REQUESTED:          0 ISSUED:          0 USEFUL:          0 USELESS:          0
cpu0->cpu0_L1D AVERAGE MISS LATENCY: 89.61 cycles
cpu0->cpu0_L1I TOTAL        ACCESS:   13993774 HIT:   13993417 MISS:        357 MISS_MERGE:         38
cpu0->cpu0_L1I LOAD         ACCESS:   13993774 HIT:   13993417 MISS:        357 MISS_MERGE:         38
cpu0->cpu0_L1I RFO          ACCESS:          0 HIT:          0 MISS:          0 MISS_MERGE:          0
cpu0->cpu0_L1I PREFETCH     ACCESS:          0 HIT:          0 MISS:          0 MISS_MERGE:          0
cpu0->cpu0_L1I WRITE        ACCESS:          0 HIT:          0 MISS:          0 MISS_MERGE:          0
cpu0->cpu0_L1I TRANSLATION  ACCESS:          0 HIT:          0 MISS:          0 MISS_MERGE:          0
cpu0->cpu0_L1I PREFETCH REQUESTED:          0 ISSUED:          0 USEFUL:          0 USELESS:          0
cpu0->cpu0_L1I AVERAGE MISS LATENCY: 217.4 cycles
cpu0->cpu0_L2C TOTAL        ACCESS:     308751 HIT:     173295 MISS:     135456 MISS_MERGE:          0
cpu0->cpu0_L2C LOAD         ACCESS:      41408 HIT:      34770 MISS:       6638 MISS_MERGE:          0
cpu0->cpu0_L2C RFO          ACCESS:     133387 HIT:       4661 MISS:     128726 MISS_MERGE:          0
cpu0->cpu0_L2C PREFETCH     ACCESS:          0 HIT:          0 MISS:          0 MISS_MERGE:          0
cpu0->cpu0_L2C WRITE        ACCESS:     133862 HIT:     133860 MISS:          2 MISS_MERGE:          0
cpu0->cpu0_L2C TRANSLATION  ACCESS:         94 HIT:          4 MISS:         90 MISS_MERGE:          0
cpu0->cpu0_L2C PREFETCH REQUESTED:          0 ISSUED:          0 USEFUL:          0 USELESS:          0
cpu0->cpu0_L2C AVERAGE MISS LATENCY: 106 cycles
cpu0->cpu0_STLB TOTAL        ACCESS:       3729 HIT:       3329 MISS:        400 MISS_MERGE:          0
cpu0->cpu0_STLB LOAD         ACCESS:       3729 HIT:       3329 MISS:        400 MISS_MERGE:          0
cpu0->cpu0_STLB RFO          ACCESS:          0 HIT:          0 MISS:          0 MISS_MERGE:          0
cpu0->cpu0_STLB PREFETCH     ACCESS:          0 HIT:          0 MISS:          0 MISS_MERGE:          0
cpu0->cpu0_STLB WRITE        ACCESS:          0 HIT:          0 MISS:          0 MISS_MERGE:          0
cpu0->cpu0_STLB TRANSLATION  ACCESS:          0 HIT:          0 MISS:          0 MISS_MERGE:          0
cpu0->cpu0_STLB PREFETCH REQUESTED:          0 ISSUED:          0 USEFUL:          0 USELESS:          0
cpu0->cpu0_STLB AVERAGE MISS LATENCY: 258.8 cycles

DRAM Statistics

Channel 0 RQ ROW_BUFFER_HIT:          3
  ROW_BUFFER_MISS:      68532
  AVG DBUS CONGESTED CYCLE: 5.169
Channel 0 WQ ROW_BUFFER_HIT:        992
  ROW_BUFFER_MISS:      65731
  FULL:          0
Channel 0 REFRESHES ISSUED:       4859
