[VMEM] WARNING: physical memory size is smaller than virtual memory size.
WARNING: option --warmup_instructions is deprecated. Use --warmup-instructions instead.
WARNING: option --simulation_instructions is deprecated. Use --simulation-instructions instead.

*** ChampSim Multicore Out-of-Order Simulator ***
Warmup Instructions: 20000000
Simulation Instructions: 50000000
Number of CPUs: 1
Page size: 4096

Off-chip DRAM Size: 16 GiB Channels: 1 Width: 64-bit Data Rate: 3205 MT/s
Heartbeat CPU 0 instructions: 10000001 cycles: 10717373 heartbeat IPC: 0.9331 cumulative IPC: 0.9331 (Simulation time: 00 hr 01 min 00 sec)
Heartbeat CPU 0 instructions: 20000003 cycles: 21431831 heartbeat IPC: 0.9333 cumulative IPC: 0.9332 (Simulation time: 00 hr 02 min 00 sec)
Warmup finished CPU 0 instructions: 20000003 cycles: 21431831 cumulative IPC: 0.9332 (Simulation time: 00 hr 02 min 00 sec)
Warmup complete CPU 0 instructions: 20000003 cycles: 21431831 cumulative IPC: 0.9332 (Simulation time: 00 hr 02 min 00 sec)
Heartbeat CPU 0 instructions: 30000007 cycles: 33086164 heartbeat IPC: 0.8581 cumulative IPC: 0.8581 (Simulation time: 00 hr 02 min 55 sec)
Heartbeat CPU 0 instructions: 40000011 cycles: 44760490 heartbeat IPC: 0.8566 cumulative IPC: 0.8573 (Simulation time: 00 hr 03 min 48 sec)
Heartbeat CPU 0 instructions: 50000012 cycles: 56466375 heartbeat IPC: 0.8543 cumulative IPC: 0.8563 (Simulation time: 00 hr 09 min 47 sec)
Heartbeat CPU 0 instructions: 60000012 cycles: 68115378 heartbeat IPC: 0.8584 cumulative IPC: 0.8568 (Simulation time: 01 hr 00 min 54 sec)
Simulation finished CPU 0 instructions: 50000003 cycles: 58341977 cumulative IPC: 0.857 (Simulation time: 01 hr 01 min 48 sec)
Simulation complete CPU 0 instructions: 50000003 cycles: 58341977 cumulative IPC: 0.857 (Simulation time: 01 hr 01 min 48 sec)

ChampSim completed all CPUs

=== Simulation ===
CPU 0 runs traces/456.hmmer-191B.champsimtrace.xz

Region of Interest Statistics

CPU 0 cumulative IPC: 0.857 instructions: 50000003 cycles: 58341977
CPU 0 Branch Prediction Accuracy: 99.54% MPKI: 0.2056 Average ROB Occupancy at Mispredict: 180.1
Branch type MPKI
BRANCH_DIRECT_JUMP: 0.00128
BRANCH_INDIRECT: 0.00088
BRANCH_CONDITIONAL: 0.1998
BRANCH_DIRECT_CALL: 0.00166
BRANCH_INDIRECT_CALL: 0.00018
BRANCH_RETURN: 0.00174

cpu0->LLC TOTAL        ACCESS:     265318 HIT:     190747 MISS:      74571 MISS_MERGE:          0
cpu0->LLC LOAD         ACCESS:       6638 HIT:       3796 MISS:       2842 MISS_MERGE:          0
cpu0->LLC RFO          ACCESS:     128726 HIT:      61275 MISS:      67451 MISS_MERGE:          0
cpu0->LLC PREFETCH     ACCESS:          0 HIT:          0 MISS:          0 MISS_MERGE:          0
cpu0->LLC WRITE        ACCESS:     129864 HIT:     125667 MISS:       4197 MISS_MERGE:          0
cpu0->LLC TRANSLATION  ACCESS:         90 HIT:          9 MISS:         81 MISS_MERGE:          0
cpu0->LLC PREFETCH REQUESTED:          0 ISSUED:          0 USEFUL:          0 USELESS:          0
cpu0->LLC AVERAGE MISS LATENCY: 169.6 cycles
cpu0->cpu0_DTLB TOTAL        ACCESS:   26679547 HIT:   26671113 MISS:       8434 MISS_MERGE:       4740
cpu0->cpu0_DTLB LOAD         ACCESS:   26679547 HIT:   26671113 MISS:       8434 MISS_MERGE:       4740
cpu0->cpu0_DTLB RFO          ACCESS:          0 HIT:          0 MISS:          0 MISS_MERGE:          0
cpu0->cpu0_DTLB PREFETCH     ACCESS:          0 HIT:          0 MISS:          0 MISS_MERGE:          0
cpu0->cpu0_DTLB WRITE        ACCESS:          0 HIT:          0 MISS:          0 MISS_MERGE:          0
cpu0->cpu0_DTLB TRANSLATION  ACCESS:          0 HIT:          0 MISS:          0 MISS_MERGE:          0
cpu0->cpu0_DTLB PREFETCH REQUESTED:          0 ISSUED:          0 USEFUL:          0 USELESS:          0
cpu0->cpu0_DTLB AVERAGE MISS LATENCY: 29.75 cycles
cpu0->cpu0_ITLB TOTAL        ACCESS:   13908745 HIT:   13908683 MISS:         62 MISS_MERGE:         29
cpu0->cpu0_ITLB LOAD         ACCESS:   13908745 HIT:   13908683 MISS:         62 MISS_MERGE:         29
cpu0->cpu0_ITLB RFO          ACCESS:          0 HIT:          0 MISS:          0 MISS_MERGE:          0
cpu0->cpu0_ITLB PREFETCH     ACCESS:          0 HIT:          0 MISS:          0 MISS_MERGE:          0
cpu0->cpu0_ITLB WRITE        ACCESS:          0 HIT:          0 MISS:          0 MISS_MERGE:          0
cpu0->cpu0_ITLB TRANSLATION  ACCESS:          0 HIT:          0 MISS:          0 MISS_MERGE:          0
cpu0->cpu0_ITLB PREFETCH REQUESTED:          0 ISSUED:          0 USEFUL:          0 USELESS:          0
cpu0->cpu0_ITLB AVERAGE MISS LATENCY: 299.3 cycles
cpu0->cpu0_L1D TOTAL        ACCESS:   26680467 HIT:   25819121 MISS:     861346 MISS_MERGE:     686769
cpu0->cpu0_L1D LOAD         ACCESS:   19657609 HIT:   19611595 MISS:      46014 MISS_MERGE:       4918
cpu0->cpu0_L1D RFO          ACCESS:          0 HIT:          0 MISS:          0 MISS_MERGE:          0
cpu0->cpu0_L1D PREFETCH     ACCESS:          0 HIT:          0 MISS:          0 MISS_MERGE:          0
cpu0->cpu0_L1D WRITE        ACCESS:    7022056 HIT:    6206818 MISS:     815238 MISS_MERGE:     681851
cpu0->cpu0_L1D TRANSLATION  ACCESS:        802 HIT:        708 MISS:         94 MISS_MERGE:          0
cpu0->cpu0_L1D PREFETCH REQUESTED:          0 ISSUED:          0 USEFUL:          0 USELESS:          0
cpu0->cpu0_L1D AVERAGE MISS LATENCY: 89.38 cycles
cpu0->cpu0_L1I TOTAL        ACCESS:   13995046 HIT:   13994689 MISS:        357 MISS_MERGE:         38
cpu0->cpu0_L1I LOAD         ACCESS:   13995046 HIT:   13994689 MISS:        357 MISS_MERGE:         38
cpu0->cpu0_L1I RFO          ACCESS:          0 HIT:          0 MISS:          0 MISS_MERGE:          0
cpu0->cpu0_L1I PREFETCH     ACCESS:          0 HIT:          0 MISS:          0 MISS_MERGE:          0
cpu0->cpu0_L1I WRITE        ACCESS:          0 HIT:          0 MISS:          0 MISS_MERGE:          0
cpu0->cpu0_L1I TRANSLATION  ACCESS:          0 HIT:          0 MISS:          0 MISS_MERGE:          0
cpu0->cpu0_L1I PREFETCH REQUESTED:          0 ISSUED:          0 USEFUL:          0 USELESS:          0
cpu0->cpu0_L1I AVERAGE MISS LATENCY: 213.4 cycles
cpu0->cpu0_L2C TOTAL        ACCESS:     308757 HIT:     173301 MISS:     135456 MISS_MERGE:          0
cpu0->cpu0_L2C LOAD         ACCESS:      41415 HIT:      34777 MISS:       6638 MISS_MERGE:          0
cpu0->cpu0_L2C RFO          ACCESS:     133387 HIT:       4661 MISS:     128726 MISS_MERGE:          0
cpu0->cpu0_L2C PREFETCH     ACCESS:          0 HIT:          0 MISS:          0 MISS_MERGE:          0
cpu0->cpu0_L2C WRITE        ACCESS:     133861 HIT:     133859 MISS:          2 MISS_MERGE:          0
cpu0->cpu0_L2C TRANSLATION  ACCESS:         94 HIT:          4 MISS:         90 MISS_MERGE:          0
cpu0->cpu0_L2C PREFETCH REQUESTED:          0 ISSUED:          0 USEFUL:          0 USELESS:          0
cpu0->cpu0_L2C AVERAGE MISS LATENCY: 105.7 cycles
cpu0->cpu0_STLB TOTAL        ACCESS:       3727 HIT:       3327 MISS:        400 MISS_MERGE:          0
cpu0->cpu0_STLB LOAD         ACCESS:       3727 HIT:       3327 MISS:        400 MISS_MERGE:          0
cpu0->cpu0_STLB RFO          ACCESS:          0 HIT:          0 MISS:          0 MISS_MERGE:          0
cpu0->cpu0_STLB PREFETCH     ACCESS:          0 HIT:          0 MISS:          0 MISS_MERGE:          0
cpu0->cpu0_STLB WRITE        ACCESS:          0 HIT:          0 MISS:          0 MISS_MERGE:          0
cpu0->cpu0_STLB TRANSLATION  ACCESS:          0 HIT:          0 MISS:          0 MISS_MERGE:          0
cpu0->cpu0_STLB PREFETCH REQUESTED:          0 ISSUED:          0 USEFUL:          0 USELESS:          0
cpu0->cpu0_STLB AVERAGE MISS LATENCY: 261.2 cycles

DRAM Statistics

Channel 0 RQ ROW_BUFFER_HIT:          5
  ROW_BUFFER_MISS:      70338
  AVG DBUS CONGESTED CYCLE: 6.409
Channel 0 WQ ROW_BUFFER_HIT:       1243
  ROW_BUFFER_MISS:      66278
  FULL:          0
Channel 0 REFRESHES ISSUED:       4862
