[VMEM] WARNING: physical memory size is smaller than virtual memory size.
WARNING: option --warmup_instructions is deprecated. Use --warmup-instructions instead.
WARNING: option --simulation_instructions is deprecated. Use --simulation-instructions instead.

*** ChampSim Multicore Out-of-Order Simulator ***
Warmup Instructions: 20000000
Simulation Instructions: 50000000
Number of CPUs: 1
Page size: 4096

Off-chip DRAM Size: 16 GiB Channels: 1 Width: 64-bit Data Rate: 3205 MT/s
Heartbeat CPU 0 instructions: 10000001 cycles: 10717373 heartbeat IPC: 0.9331 cumulative IPC: 0.9331 (Simulation time: 00 hr 00 min 59 sec)
Heartbeat CPU 0 instructions: 20000003 cycles: 21431991 heartbeat IPC: 0.9333 cumulative IPC: 0.9332 (Simulation time: 00 hr 01 min 59 sec)
Warmup finished CPU 0 instructions: 20000003 cycles: 21431991 cumulative IPC: 0.9332 (Simulation time: 00 hr 01 min 59 sec)
Warmup complete CPU 0 instructions: 20000003 cycles: 21431991 cumulative IPC: 0.9332 (Simulation time: 00 hr 01 min 59 sec)
Heartbeat CPU 0 instructions: 30000007 cycles: 33124602 heartbeat IPC: 0.8552 cumulative IPC: 0.8552 (Simulation time: 00 hr 02 min 54 sec)
Heartbeat CPU 0 instructions: 40000007 cycles: 44827342 heartbeat IPC: 0.8545 cumulative IPC: 0.8549 (Simulation time: 00 hr 03 min 49 sec)
Heartbeat CPU 0 instructions: 50000007 cycles: 56533547 heartbeat IPC: 0.8542 cumulative IPC: 0.8547 (Simulation time: 00 hr 04 min 44 sec)
Heartbeat CPU 0 instructions: 60000007 cycles: 68176138 heartbeat IPC: 0.8589 cumulative IPC: 0.8557 (Simulation time: 00 hr 05 min 38 sec)
Simulation finished CPU 0 instructions: 50000003 cycles: 58402966 cumulative IPC: 0.8561 (Simulation time: 00 hr 06 min 33 sec)
Simulation complete CPU 0 instructions: 50000003 cycles: 58402966 cumulative IPC: 0.8561 (Simulation time: 00 hr 06 min 33 sec)

ChampSim completed all CPUs

=== Simulation ===
CPU 0 runs traces/456.hmmer-191B.champsimtrace.xz

Region of Interest Statistics

CPU 0 cumulative IPC: 0.8561 instructions: 50000003 cycles: 58402966
CPU 0 Branch Prediction Accuracy: 99.54% MPKI: 0.2056 Average ROB Occupancy at Mispredict: 180.1
Branch type MPKI
BRANCH_DIRECT_JUMP: 0.00128
BRANCH_INDIRECT: 0.00088
BRANCH_CONDITIONAL: 0.1998
BRANCH_DIRECT_CALL: 0.00166
BRANCH_INDIRECT_CALL: 0.00018
BRANCH_RETURN: 0.00174

cpu0->LLC TOTAL        ACCESS:     265320 HIT:     186771 MISS:      78549 MISS_MERGE:          0
cpu0->LLC LOAD         ACCESS:       6638 HIT:       3408 MISS:       3230 MISS_MERGE:          0
cpu0->LLC RFO          ACCESS:     128725 HIT:      56307 MISS:      72418 MISS_MERGE:          0
cpu0->LLC PREFETCH     ACCESS:          0 HIT:          0 MISS:          0 MISS_MERGE:          0
cpu0->LLC WRITE        ACCESS:     129867 HIT:     127047 MISS:       2820 MISS_MERGE:          0
cpu0->LLC TRANSLATION  ACCESS:         90 HIT:          9 MISS:         81 MISS_MERGE:          0
cpu0->LLC PREFETCH REQUESTED:          0 ISSUED:          0 USEFUL:          0 USELESS:          0
cpu0->LLC AVERAGE MISS LATENCY: 175.5 cycles
cpu0->cpu0_DTLB TOTAL        ACCESS:   26679513 HIT:   26671128 MISS:       8385 MISS_MERGE:       4688
cpu0->cpu0_DTLB LOAD         ACCESS:   26679513 HIT:   26671128 MISS:       8385 MISS_MERGE:       4688
cpu0->cpu0_DTLB RFO          ACCESS:          0 HIT:          0 MISS:          0 MISS_MERGE:          0
cpu0->cpu0_DTLB PREFETCH     ACCESS:          0 HIT:          0 MISS:          0 MISS_MERGE:          0
cpu0->cpu0_DTLB WRITE        ACCESS:          0 HIT:          0 MISS:          0 MISS_MERGE:          0
cpu0->cpu0_DTLB TRANSLATION  ACCESS:          0 HIT:          0 MISS:          0 MISS_MERGE:          0
cpu0->cpu0_DTLB PREFETCH REQUESTED:          0 ISSUED:          0 USEFUL:          0 USELESS:          0
cpu0->cpu0_DTLB AVERAGE MISS LATENCY: 29.24 cycles
cpu0->cpu0_ITLB TOTAL        ACCESS:   13909419 HIT:   13909357 MISS:         62 MISS_MERGE:         29
cpu0->cpu0_ITLB LOAD         ACCESS:   13909419 HIT:   13909357 MISS:         62 MISS_MERGE:         29
cpu0->cpu0_ITLB RFO          ACCESS:          0 HIT:          0 MISS:          0 MISS_MERGE:          0
cpu0->cpu0_ITLB PREFETCH     ACCESS:          0 HIT:          0 MISS:          0 MISS_MERGE:          0
cpu0->cpu0_ITLB WRITE        ACCESS:          0 HIT:          0 MISS:          0 MISS_MERGE:          0
cpu0->cpu0_ITLB TRANSLATION  ACCESS:          0 HIT:          0 MISS:          0 MISS_MERGE:          0
cpu0->cpu0_ITLB PREFETCH REQUESTED:          0 ISSUED:          0 USEFUL:          0 USELESS:          0
cpu0->cpu0_ITLB AVERAGE MISS LATENCY: 298.2 cycles
cpu0->cpu0_L1D TOTAL        ACCESS:   26680433 HIT:   25780525 MISS:     899908 MISS_MERGE:     725339
cpu0->cpu0_L1D LOAD         ACCESS:   19657575 HIT:   19611441 MISS:      46134 MISS_MERGE:       5046
cpu0->cpu0_L1D RFO          ACCESS:          0 HIT:          0 MISS:          0 MISS_MERGE:          0
cpu0->cpu0_L1D PREFETCH     ACCESS:          0 HIT:          0 MISS:          0 MISS_MERGE:          0
cpu0->cpu0_L1D WRITE        ACCESS:    7022056 HIT:    6168377 MISS:     853679 MISS_MERGE:     720292
cpu0->cpu0_L1D TRANSLATION  ACCESS:        802 HIT:        707 MISS:         95 MISS_MERGE:          1
cpu0->cpu0_L1D PREFETCH REQUESTED:          0 ISSUED:          0 USEFUL:          0 USELESS:          0
cpu0->cpu0_L1D AVERAGE MISS LATENCY: 96.02 cycles
cpu0->cpu0_L1I TOTAL        ACCESS:   13995606 HIT:   13995250 MISS:        356 MISS_MERGE:         37
cpu0->cpu0_L1I LOAD         ACCESS:   13995606 HIT:   13995250 MISS:        356 MISS_MERGE:         37
cpu0->cpu0_L1I RFO          ACCESS:          0 HIT:          0 MISS:          0 MISS_MERGE:          0
cpu0->cpu0_L1I PREFETCH     ACCESS:          0 HIT:          0 MISS:          0 MISS_MERGE:          0
cpu0->cpu0_L1I WRITE        ACCESS:          0 HIT:          0 MISS:          0 MISS_MERGE:          0
cpu0->cpu0_L1I TRANSLATION  ACCESS:          0 HIT:          0 MISS:          0 MISS_MERGE:          0
cpu0->cpu0_L1I PREFETCH REQUESTED:          0 ISSUED:          0 USEFUL:          0 USELESS:          0
cpu0->cpu0_L1I AVERAGE MISS LATENCY: 211.6 cycles
cpu0->cpu0_L2C TOTAL        ACCESS:     308750 HIT:     173295 MISS:     135455 MISS_MERGE:          0
cpu0->cpu0_L2C LOAD         ACCESS:      41407 HIT:      34769 MISS:       6638 MISS_MERGE:          0
cpu0->cpu0_L2C RFO          ACCESS:     133387 HIT:       4662 MISS:     128725 MISS_MERGE:          0
cpu0->cpu0_L2C PREFETCH     ACCESS:          0 HIT:          0 MISS:          0 MISS_MERGE:          0
cpu0->cpu0_L2C WRITE        ACCESS:     133862 HIT:     133860 MISS:          2 MISS_MERGE:          0
cpu0->cpu0_L2C TRANSLATION  ACCESS:         94 HIT:          4 MISS:         90 MISS_MERGE:          0
cpu0->cpu0_L2C PREFETCH REQUESTED:          0 ISSUED:          0 USEFUL:          0 USELESS:          0
cpu0->cpu0_L2C AVERAGE MISS LATENCY: 114.2 cycles
cpu0->cpu0_STLB TOTAL        ACCESS:       3730 HIT:       3330 MISS:        400 MISS_MERGE:          0
cpu0->cpu0_STLB LOAD         ACCESS:       3730 HIT:       3330 MISS:        400 MISS_MERGE:          0
cpu0->cpu0_STLB RFO          ACCESS:          0 HIT:          0 MISS:          0 MISS_MERGE:          0
cpu0->cpu0_STLB PREFETCH     ACCESS:          0 HIT:          0 MISS:          0 MISS_MERGE:          0
cpu0->cpu0_STLB WRITE        ACCESS:          0 HIT:          0 MISS:          0 MISS_MERGE:          0
cpu0->cpu0_STLB TRANSLATION  ACCESS:          0 HIT:          0 MISS:          0 MISS_MERGE:          0
cpu0->cpu0_STLB PREFETCH REQUESTED:          0 ISSUED:          0 USEFUL:          0 USELESS:          0
cpu0->cpu0_STLB AVERAGE MISS LATENCY: 256.5 cycles

DRAM Statistics

Channel 0 RQ ROW_BUFFER_HIT:          2
  ROW_BUFFER_MISS:      75727
  AVG DBUS CONGESTED CYCLE: 6.196
Channel 0 WQ ROW_BUFFER_HIT:       1361
  ROW_BUFFER_MISS:      71241
  FULL:          0
Channel 0 REFRESHES ISSUED:       4867
