[VMEM] WARNING: physical memory size is smaller than virtual memory size.
WARNING: option --warmup_instructions is deprecated. Use --warmup-instructions instead.
WARNING: option --simulation_instructions is deprecated. Use --simulation-instructions instead.

*** ChampSim Multicore Out-of-Order Simulator ***
Warmup Instructions: 20000000
Simulation Instructions: 50000000
Number of CPUs: 1
Page size: 4096

Off-chip DRAM Size: 16 GiB Channels: 1 Width: 64-bit Data Rate: 3205 MT/s
Heartbeat CPU 0 instructions: 10000001 cycles: 10717373 heartbeat IPC: 0.9331 cumulative IPC: 0.9331 (Simulation time: 00 hr 01 min 00 sec)
Heartbeat CPU 0 instructions: 20000003 cycles: 21431831 heartbeat IPC: 0.9333 cumulative IPC: 0.9332 (Simulation time: 00 hr 02 min 00 sec)
Warmup finished CPU 0 instructions: 20000003 cycles: 21431831 cumulative IPC: 0.9332 (Simulation time: 00 hr 02 min 00 sec)
Warmup complete CPU 0 instructions: 20000003 cycles: 21431831 cumulative IPC: 0.9332 (Simulation time: 00 hr 02 min 00 sec)
Heartbeat CPU 0 instructions: 30000007 cycles: 33119027 heartbeat IPC: 0.8556 cumulative IPC: 0.8556 (Simulation time: 00 hr 02 min 56 sec)
Heartbeat CPU 0 instructions: 40000007 cycles: 44805516 heartbeat IPC: 0.8557 cumulative IPC: 0.8557 (Simulation time: 00 hr 03 min 50 sec)
Heartbeat CPU 0 instructions: 50000007 cycles: 56498777 heartbeat IPC: 0.8552 cumulative IPC: 0.8555 (Simulation time: 00 hr 04 min 45 sec)
Heartbeat CPU 0 instructions: 60000007 cycles: 68117889 heartbeat IPC: 0.8607 cumulative IPC: 0.8568 (Simulation time: 00 hr 05 min 39 sec)
Simulation finished CPU 0 instructions: 50000003 cycles: 58315031 cumulative IPC: 0.8574 (Simulation time: 00 hr 06 min 34 sec)
Simulation complete CPU 0 instructions: 50000003 cycles: 58315031 cumulative IPC: 0.8574 (Simulation time: 00 hr 06 min 34 sec)

ChampSim completed all CPUs

=== Simulation ===
CPU 0 runs traces/456.hmmer-191B.champsimtrace.xz

Region of Interest Statistics

CPU 0 cumulative IPC: 0.8574 instructions: 50000003 cycles: 58315031
CPU 0 Branch Prediction Accuracy: 99.54% MPKI: 0.2056 Average ROB Occupancy at Mispredict: 180.1
Branch type MPKI
BRANCH_DIRECT_JUMP: 0.00128
BRANCH_INDIRECT: 0.00088
BRANCH_CONDITIONAL: 0.1998
BRANCH_DIRECT_CALL: 0.00166
BRANCH_INDIRECT_CALL: 0.00018
BRANCH_RETURN: 0.00174

cpu0->LLC TOTAL        ACCESS:     265321 HIT:     193576 MISS:      71745 MISS_MERGE:          0
cpu0->LLC LOAD         ACCESS:       6638 HIT:       3929 MISS:       2709 MISS_MERGE:          0
cpu0->LLC RFO          ACCESS:     128726 HIT:      59774 MISS:      68952 MISS_MERGE:          0
cpu0->LLC PREFETCH     ACCESS:          0 HIT:          0 MISS:          0 MISS_MERGE:          0
cpu0->LLC WRITE        ACCESS:     129867 HIT:     129865 MISS:          2 MISS_MERGE:          0
cpu0->LLC TRANSLATION  ACCESS:         90 HIT:          8 MISS:         82 MISS_MERGE:          0
cpu0->LLC PREFETCH REQUESTED:          0 ISSUED:          0 USEFUL:          0 USELESS:          0
cpu0->LLC AVERAGE MISS LATENCY: 183.3 cycles
cpu0->cpu0_DTLB TOTAL        ACCESS:   26679520 HIT:   26671102 MISS:       8418 MISS_MERGE:       4723
cpu0->cpu0_DTLB LOAD         ACCESS:   26679520 HIT:   26671102 MISS:       8418 MISS_MERGE:       4723
cpu0->cpu0_DTLB RFO          ACCESS:          0 HIT:          0 MISS:          0 MISS_MERGE:          0
cpu0->cpu0_DTLB PREFETCH     ACCESS:          0 HIT:          0 MISS:          0 MISS_MERGE:          0
cpu0->cpu0_DTLB WRITE        ACCESS:          0 HIT:          0 MISS:          0 MISS_MERGE:          0
cpu0->cpu0_DTLB TRANSLATION  ACCESS:          0 HIT:          0 MISS:          0 MISS_MERGE:          0
cpu0->cpu0_DTLB PREFETCH REQUESTED:          0 ISSUED:          0 USEFUL:          0 USELESS:          0
cpu0->cpu0_DTLB AVERAGE MISS LATENCY: 29.52 cycles
cpu0->cpu0_ITLB TOTAL        ACCESS:   13908222 HIT:   13908160 MISS:         62 MISS_MERGE:         29
cpu0->cpu0_ITLB LOAD         ACCESS:   13908222 HIT:   13908160 MISS:         62 MISS_MERGE:         29
cpu0->cpu0_ITLB RFO          ACCESS:          0 HIT:          0 MISS:          0 MISS_MERGE:          0
cpu0->cpu0_ITLB PREFETCH     ACCESS:          0 HIT:          0 MISS:          0 MISS_MERGE:          0
cpu0->cpu0_ITLB WRITE        ACCESS:          0 HIT:          0 MISS:          0 MISS_MERGE:          0
cpu0->cpu0_ITLB TRANSLATION  ACCESS:          0 HIT:          0 MISS:          0 MISS_MERGE:          0
cpu0->cpu0_ITLB PREFETCH REQUESTED:          0 ISSUED:          0 USEFUL:          0 USELESS:          0
cpu0->cpu0_ITLB AVERAGE MISS LATENCY: 302.9 cycles
cpu0->cpu0_L1D TOTAL        ACCESS:   26680440 HIT:   25798699 MISS:     881741 MISS_MERGE:     707172
cpu0->cpu0_L1D LOAD         ACCESS:   19657582 HIT:   19611870 MISS:      45712 MISS_MERGE:       4624
cpu0->cpu0_L1D RFO          ACCESS:          0 HIT:          0 MISS:          0 MISS_MERGE:          0
cpu0->cpu0_L1D PREFETCH     ACCESS:          0 HIT:          0 MISS:          0 MISS_MERGE:          0
cpu0->cpu0_L1D WRITE        ACCESS:    7022056 HIT:    6186122 MISS:     835934 MISS_MERGE:     702547
cpu0->cpu0_L1D TRANSLATION  ACCESS:        802 HIT:        707 MISS:         95 MISS_MERGE:          1
cpu0->cpu0_L1D PREFETCH REQUESTED:          0 ISSUED:          0 USEFUL:          0 USELESS:          0
cpu0->cpu0_L1D AVERAGE MISS LATENCY: 92.47 cycles
cpu0->cpu0_L1I TOTAL        ACCESS:   13994596 HIT:   13994239 MISS:        357 MISS_MERGE:         38
cpu0->cpu0_L1I LOAD         ACCESS:   13994596 HIT:   13994239 MISS:        357 MISS_MERGE:         38
cpu0->cpu0_L1I RFO          ACCESS:          0 HIT:          0 MISS:          0 MISS_MERGE:          0
cpu0->cpu0_L1I PREFETCH     ACCESS:          0 HIT:          0 MISS:          0 MISS_MERGE:          0
cpu0->cpu0_L1I WRITE        ACCESS:          0 HIT:          0 MISS:          0 MISS_MERGE:          0
cpu0->cpu0_L1I TRANSLATION  ACCESS:          0 HIT:          0 MISS:          0 MISS_MERGE:          0
cpu0->cpu0_L1I PREFETCH REQUESTED:          0 ISSUED:          0 USEFUL:          0 USELESS:          0
cpu0->cpu0_L1I AVERAGE MISS LATENCY: 211.1 cycles
cpu0->cpu0_L2C TOTAL        ACCESS:     308750 HIT:     173294 MISS:     135456 MISS_MERGE:          0
cpu0->cpu0_L2C LOAD         ACCESS:      41407 HIT:      34769 MISS:       6638 MISS_MERGE:          0
cpu0->cpu0_L2C RFO          ACCESS:     133387 HIT:       4661 MISS:     128726 MISS_MERGE:          0
cpu0->cpu0_L2C PREFETCH     ACCESS:          0 HIT:          0 MISS:          0 MISS_MERGE:          0
cpu0->cpu0_L2C WRITE        ACCESS:     133862 HIT:     133860 MISS:          2 MISS_MERGE:          0
cpu0->cpu0_L2C TRANSLATION  ACCESS:         94 HIT:          4 MISS:         90 MISS_MERGE:          0
cpu0->cpu0_L2C PREFETCH REQUESTED:          0 ISSUED:          0 USEFUL:          0 USELESS:          0
cpu0->cpu0_L2C AVERAGE MISS LATENCY: 109.6 cycles
cpu0->cpu0_STLB TOTAL        ACCESS:       3728 HIT:       3328 MISS:        400 MISS_MERGE:          0
cpu0->cpu0_STLB LOAD         ACCESS:       3728 HIT:       3328 MISS:        400 MISS_MERGE:          0
cpu0->cpu0_STLB RFO          ACCESS:          0 HIT:          0 MISS:          0 MISS_MERGE:          0
cpu0->cpu0_STLB PREFETCH     ACCESS:          0 HIT:          0 MISS:          0 MISS_MERGE:          0
cpu0->cpu0_STLB WRITE        ACCESS:          0 HIT:          0 MISS:          0 MISS_MERGE:          0
cpu0->cpu0_STLB TRANSLATION  ACCESS:          0 HIT:          0 MISS:          0 MISS_MERGE:          0
cpu0->cpu0_STLB PREFETCH REQUESTED:          0 ISSUED:          0 USEFUL:          0 USELESS:          0
cpu0->cpu0_STLB AVERAGE MISS LATENCY: 259.4 cycles

DRAM Statistics

Channel 0 RQ ROW_BUFFER_HIT:          6
  ROW_BUFFER_MISS:      71737
  AVG DBUS CONGESTED CYCLE: 5.403
Channel 0 WQ ROW_BUFFER_HIT:       1122
  ROW_BUFFER_MISS:      68493
  FULL:          0
Channel 0 REFRESHES ISSUED:       4860
