[VMEM] WARNING: physical memory size is smaller than virtual memory size.
WARNING: option --warmup_instructions is deprecated. Use --warmup-instructions instead.
WARNING: option --simulation_instructions is deprecated. Use --simulation-instructions instead.

*** ChampSim Multicore Out-of-Order Simulator ***
Warmup Instructions: 20000000
Simulation Instructions: 50000000
Number of CPUs: 1
Page size: 4096

Off-chip DRAM Size: 16 GiB Channels: 1 Width: 64-bit Data Rate: 3205 MT/s
Heartbeat CPU 0 instructions: 10000001 cycles: 10717373 heartbeat IPC: 0.9331 cumulative IPC: 0.9331 (Simulation time: 00 hr 01 min 00 sec)
Heartbeat CPU 0 instructions: 20000003 cycles: 21431831 heartbeat IPC: 0.9333 cumulative IPC: 0.9332 (Simulation time: 00 hr 03 min 23 sec)
Warmup finished CPU 0 instructions: 20000003 cycles: 21431831 cumulative IPC: 0.9332 (Simulation time: 00 hr 03 min 23 sec)
Warmup complete CPU 0 instructions: 20000003 cycles: 21431831 cumulative IPC: 0.9332 (Simulation time: 00 hr 03 min 23 sec)
Heartbeat CPU 0 instructions: 30000007 cycles: 33053474 heartbeat IPC: 0.8605 cumulative IPC: 0.8605 (Simulation time: 00 hr 04 min 17 sec)
Heartbeat CPU 0 instructions: 40000007 cycles: 44717966 heartbeat IPC: 0.8573 cumulative IPC: 0.8589 (Simulation time: 00 hr 05 min 11 sec)
Heartbeat CPU 0 instructions: 50000007 cycles: 56392674 heartbeat IPC: 0.8566 cumulative IPC: 0.8581 (Simulation time: 00 hr 08 min 22 sec)
Heartbeat CPU 0 instructions: 60000007 cycles: 68023823 heartbeat IPC: 0.8598 cumulative IPC: 0.8585 (Simulation time: 00 hr 09 min 16 sec)
Simulation finished CPU 0 instructions: 50000003 cycles: 58224106 cumulative IPC: 0.8588 (Simulation time: 00 hr 10 min 11 sec)
Simulation complete CPU 0 instructions: 50000003 cycles: 58224106 cumulative IPC: 0.8588 (Simulation time: 00 hr 10 min 11 sec)

ChampSim completed all CPUs

=== Simulation ===
CPU 0 runs traces/456.hmmer-191B.champsimtrace.xz

Region of Interest Statistics

CPU 0 cumulative IPC: 0.8588 instructions: 50000003 cycles: 58224106
CPU 0 Branch Prediction Accuracy: 99.54% MPKI: 0.2056 Average ROB Occupancy at Mispredict: 180.1
Branch type MPKI
BRANCH_DIRECT_JUMP: 0.00128
BRANCH_INDIRECT: 0.00088
BRANCH_CONDITIONAL: 0.1998
BRANCH_DIRECT_CALL: 0.00166
BRANCH_INDIRECT_CALL: 0.00018
BRANCH_RETURN: 0.00174

cpu0->LLC TOTAL        ACCESS:     265319 HIT:     202295 MISS:      63024 MISS_MERGE:          0
cpu0->LLC LOAD         ACCESS:       6638 HIT:       4552 MISS:       2086 MISS_MERGE:          0
cpu0->LLC RFO          ACCESS:     128727 HIT:      68109 MISS:      60618 MISS_MERGE:          0
cpu0->LLC PREFETCH     ACCESS:          0 HIT:          0 MISS:          0 MISS_MERGE:          0
cpu0->LLC WRITE        ACCESS:     129864 HIT:     129625 MISS:        239 MISS_MERGE:          0
cpu0->LLC TRANSLATION  ACCESS:         90 HIT:          9 MISS:         81 MISS_MERGE:          0
cpu0->LLC PREFETCH REQUESTED:          0 ISSUED:          0 USEFUL:          0 USELESS:          0
cpu0->LLC AVERAGE MISS LATENCY: 179.3 cycles
cpu0->cpu0_DTLB TOTAL        ACCESS:   26679638 HIT:   26671281 MISS:       8357 MISS_MERGE:       4662
cpu0->cpu0_DTLB LOAD         ACCESS:   26679638 HIT:   26671281 MISS:       8357 MISS_MERGE:       4662
cpu0->cpu0_DTLB RFO          ACCESS:          0 HIT:          0 MISS:          0 MISS_MERGE:          0
cpu0->cpu0_DTLB PREFETCH     ACCESS:          0 HIT:          0 MISS:          0 MISS_MERGE:          0
cpu0->cpu0_DTLB WRITE        ACCESS:          0 HIT:          0 MISS:          0 MISS_MERGE:          0
cpu0->cpu0_DTLB TRANSLATION  ACCESS:          0 HIT:          0 MISS:          0 MISS_MERGE:          0
cpu0->cpu0_DTLB PREFETCH REQUESTED:          0 ISSUED:          0 USEFUL:          0 USELESS:          0
cpu0->cpu0_DTLB AVERAGE MISS LATENCY: 29.22 cycles
cpu0->cpu0_ITLB TOTAL        ACCESS:   13906208 HIT:   13906146 MISS:         62 MISS_MERGE:         29
cpu0->cpu0_ITLB LOAD         ACCESS:   13906208 HIT:   13906146 MISS:         62 MISS_MERGE:         29
cpu0->cpu0_ITLB RFO          ACCESS:          0 HIT:          0 MISS:          0 MISS_MERGE:          0
cpu0->cpu0_ITLB PREFETCH     ACCESS:          0 HIT:          0 MISS:          0 MISS_MERGE:          0
cpu0->cpu0_ITLB WRITE        ACCESS:          0 HIT:          0 MISS:          0 MISS_MERGE:          0
cpu0->cpu0_ITLB TRANSLATION  ACCESS:          0 HIT:          0 MISS:          0 MISS_MERGE:          0
cpu0->cpu0_ITLB PREFETCH REQUESTED:          0 ISSUED:          0 USEFUL:          0 USELESS:          0
cpu0->cpu0_ITLB AVERAGE MISS LATENCY: 291.8 cycles
cpu0->cpu0_L1D TOTAL        ACCESS:   26680558 HIT:   25861395 MISS:     819163 MISS_MERGE:     644596
cpu0->cpu0_L1D LOAD         ACCESS:   19657700 HIT:   19612190 MISS:      45510 MISS_MERGE:       4424
cpu0->cpu0_L1D RFO          ACCESS:          0 HIT:          0 MISS:          0 MISS_MERGE:          0
cpu0->cpu0_L1D PREFETCH     ACCESS:          0 HIT:          0 MISS:          0 MISS_MERGE:          0
cpu0->cpu0_L1D WRITE        ACCESS:    7022056 HIT:    6248497 MISS:     773559 MISS_MERGE:     640172
cpu0->cpu0_L1D TRANSLATION  ACCESS:        802 HIT:        708 MISS:         94 MISS_MERGE:          0
cpu0->cpu0_L1D PREFETCH REQUESTED:          0 ISSUED:          0 USEFUL:          0 USELESS:          0
cpu0->cpu0_L1D AVERAGE MISS LATENCY: 81.78 cycles
cpu0->cpu0_L1I TOTAL        ACCESS:   13992567 HIT:   13992211 MISS:        356 MISS_MERGE:         37
cpu0->cpu0_L1I LOAD         ACCESS:   13992567 HIT:   13992211 MISS:        356 MISS_MERGE:         37
cpu0->cpu0_L1I RFO          ACCESS:          0 HIT:          0 MISS:          0 MISS_MERGE:          0
cpu0->cpu0_L1I PREFETCH     ACCESS:          0 HIT:          0 MISS:          0 MISS_MERGE:          0
cpu0->cpu0_L1I WRITE        ACCESS:          0 HIT:          0 MISS:          0 MISS_MERGE:          0
cpu0->cpu0_L1I TRANSLATION  ACCESS:          0 HIT:          0 MISS:          0 MISS_MERGE:          0
cpu0->cpu0_L1I PREFETCH REQUESTED:          0 ISSUED:          0 USEFUL:          0 USELESS:          0
cpu0->cpu0_L1I AVERAGE MISS LATENCY: 214.5 cycles
cpu0->cpu0_L2C TOTAL        ACCESS:     308747 HIT:     173290 MISS:     135457 MISS_MERGE:          0
cpu0->cpu0_L2C LOAD         ACCESS:      41405 HIT:      34767 MISS:       6638 MISS_MERGE:          0
cpu0->cpu0_L2C RFO          ACCESS:     133387 HIT:       4660 MISS:     128727 MISS_MERGE:          0
cpu0->cpu0_L2C PREFETCH     ACCESS:          0 HIT:          0 MISS:          0 MISS_MERGE:          0
cpu0->cpu0_L2C WRITE        ACCESS:     133861 HIT:     133859 MISS:          2 MISS_MERGE:          0
cpu0->cpu0_L2C TRANSLATION  ACCESS:         94 HIT:          4 MISS:         90 MISS_MERGE:          0
cpu0->cpu0_L2C PREFETCH REQUESTED:          0 ISSUED:          0 USEFUL:          0 USELESS:          0
cpu0->cpu0_L2C AVERAGE MISS LATENCY: 95.87 cycles
cpu0->cpu0_STLB TOTAL        ACCESS:       3728 HIT:       3328 MISS:        400 MISS_MERGE:          0
cpu0->cpu0_STLB LOAD         ACCESS:       3728 HIT:       3328 MISS:        400 MISS_MERGE:          0
cpu0->cpu0_STLB RFO          ACCESS:          0 HIT:          0 MISS:          0 MISS_MERGE:          0
cpu0->cpu0_STLB PREFETCH     ACCESS:          0 HIT:          0 MISS:          0 MISS_MERGE:          0
cpu0->cpu0_STLB WRITE        ACCESS:          0 HIT:          0 MISS:          0 MISS_MERGE:          0
cpu0->cpu0_STLB TRANSLATION  ACCESS:          0 HIT:          0 MISS:          0 MISS_MERGE:          0
cpu0->cpu0_STLB PREFETCH REQUESTED:          0 ISSUED:          0 USEFUL:          0 USELESS:          0
cpu0->cpu0_STLB AVERAGE MISS LATENCY: 255.7 cycles

DRAM Statistics

Channel 0 RQ ROW_BUFFER_HIT:          5
  ROW_BUFFER_MISS:      62780
  AVG DBUS CONGESTED CYCLE: 5.447
Channel 0 WQ ROW_BUFFER_HIT:        875
  ROW_BUFFER_MISS:      59842
  FULL:          0
Channel 0 REFRESHES ISSUED:       4852
