[VMEM] WARNING: physical memory size is smaller than virtual memory size.
WARNING: option --warmup_instructions is deprecated. Use --warmup-instructions instead.
WARNING: option --simulation_instructions is deprecated. Use --simulation-instructions instead.

*** ChampSim Multicore Out-of-Order Simulator ***
Warmup Instructions: 20000000
Simulation Instructions: 50000000
Number of CPUs: 1
Page size: 4096

Off-chip DRAM Size: 16 GiB Channels: 1 Width: 64-bit Data Rate: 3205 MT/s
Heartbeat CPU 0 instructions: 10000003 cycles: 6729750 heartbeat IPC: 1.486 cumulative IPC: 1.486 (Simulation time: 00 hr 00 min 42 sec)
Warmup finished CPU 0 instructions: 20000001 cycles: 13293593 cumulative IPC: 1.504 (Simulation time: 00 hr 01 min 23 sec)
Warmup complete CPU 0 instructions: 20000001 cycles: 13293593 cumulative IPC: 1.504 (Simulation time: 00 hr 01 min 23 sec)
Heartbeat CPU 0 instructions: 20000006 cycles: 13293594 heartbeat IPC: 1.523 cumulative IPC: nan (Simulation time: 00 hr 01 min 23 sec)
Heartbeat CPU 0 instructions: 30000007 cycles: 31024117 heartbeat IPC: 0.564 cumulative IPC: 0.564 (Simulation time: 00 hr 02 min 13 sec)
Heartbeat CPU 0 instructions: 40000010 cycles: 47624906 heartbeat IPC: 0.6024 cumulative IPC: 0.5826 (Simulation time: 00 hr 03 min 01 sec)
Heartbeat CPU 0 instructions: 50000010 cycles: 63973494 heartbeat IPC: 0.6117 cumulative IPC: 0.592 (Simulation time: 00 hr 03 min 47 sec)
Heartbeat CPU 0 instructions: 60000010 cycles: 80796080 heartbeat IPC: 0.5944 cumulative IPC: 0.5926 (Simulation time: 00 hr 04 min 35 sec)
Simulation finished CPU 0 instructions: 50000000 cycles: 83623953 cumulative IPC: 0.5979 (Simulation time: 00 hr 05 min 20 sec)
Simulation complete CPU 0 instructions: 50000000 cycles: 83623953 cumulative IPC: 0.5979 (Simulation time: 00 hr 05 min 20 sec)

ChampSim completed all CPUs

=== Simulation ===
CPU 0 runs traces/473.astar-42B.champsimtrace.xz

Region of Interest Statistics

CPU 0 cumulative IPC: 0.5979 instructions: 50000000 cycles: 83623953
CPU 0 Branch Prediction Accuracy: 84.39% MPKI: 29.44 Average ROB Occupancy at Mispredict: 17.35
Branch type MPKI
BRANCH_DIRECT_JUMP: 0.00048
BRANCH_INDIRECT: 0
BRANCH_CONDITIONAL: 29.43
BRANCH_DIRECT_CALL: 0.00036
BRANCH_INDIRECT_CALL: 0
BRANCH_RETURN: 0.00044

cpu0->LLC TOTAL        ACCESS:     671115 HIT:     542033 MISS:     129082 MISS_MERGE:          0
cpu0->LLC LOAD         ACCESS:     486275 HIT:     359491 MISS:     126784 MISS_MERGE:          0
cpu0->LLC RFO          ACCESS:       1682 HIT:       1378 MISS:        304 MISS_MERGE:          0
cpu0->LLC PREFETCH     ACCESS:          0 HIT:          0 MISS:          0 MISS_MERGE:          0
cpu0->LLC WRITE        ACCESS:     182025 HIT:     180908 MISS:       1117 MISS_MERGE:          0
cpu0->LLC TRANSLATION  ACCESS:       1133 HIT:        256 MISS:        877 MISS_MERGE:          0
cpu0->LLC PREFETCH REQUESTED:          0 ISSUED:          0 USEFUL:          0 USELESS:          0
cpu0->LLC AVERAGE MISS LATENCY: 171 cycles
cpu0->cpu0_DTLB TOTAL        ACCESS:   16982994 HIT:   15483117 MISS:    1499877 MISS_MERGE:     315819
cpu0->cpu0_DTLB LOAD         ACCESS:   16982994 HIT:   15483117 MISS:    1499877 MISS_MERGE:     315819
cpu0->cpu0_DTLB RFO          ACCESS:          0 HIT:          0 MISS:          0 MISS_MERGE:          0
cpu0->cpu0_DTLB PREFETCH     ACCESS:          0 HIT:          0 MISS:          0 MISS_MERGE:          0
cpu0->cpu0_DTLB WRITE        ACCESS:          0 HIT:          0 MISS:          0 MISS_MERGE:          0
cpu0->cpu0_DTLB TRANSLATION  ACCESS:          0 HIT:          0 MISS:          0 MISS_MERGE:          0
cpu0->cpu0_DTLB PREFETCH REQUESTED:          0 ISSUED:          0 USEFUL:          0 USELESS:          0
cpu0->cpu0_DTLB AVERAGE MISS LATENCY: 4.729 cycles
cpu0->cpu0_ITLB TOTAL        ACCESS:      24830 HIT:      24814 MISS:         16 MISS_MERGE:          8
cpu0->cpu0_ITLB LOAD         ACCESS:      24830 HIT:      24814 MISS:         16 MISS_MERGE:          8
cpu0->cpu0_ITLB RFO          ACCESS:          0 HIT:          0 MISS:          0 MISS_MERGE:          0
cpu0->cpu0_ITLB PREFETCH     ACCESS:          0 HIT:          0 MISS:          0 MISS_MERGE:          0
cpu0->cpu0_ITLB WRITE        ACCESS:          0 HIT:          0 MISS:          0 MISS_MERGE:          0
cpu0->cpu0_ITLB TRANSLATION  ACCESS:          0 HIT:          0 MISS:          0 MISS_MERGE:          0
cpu0->cpu0_ITLB PREFETCH REQUESTED:          0 ISSUED:          0 USEFUL:          0 USELESS:          0
cpu0->cpu0_ITLB AVERAGE MISS LATENCY: 314.8 cycles
cpu0->cpu0_L1D TOTAL        ACCESS:   16995794 HIT:   15183630 MISS:    1812164 MISS_MERGE:     530933
cpu0->cpu0_L1D LOAD         ACCESS:   14852207 HIT:   13050657 MISS:    1801550 MISS_MERGE:     529985
cpu0->cpu0_L1D RFO          ACCESS:          0 HIT:          0 MISS:          0 MISS_MERGE:          0
cpu0->cpu0_L1D PREFETCH     ACCESS:          0 HIT:          0 MISS:          0 MISS_MERGE:          0
cpu0->cpu0_L1D WRITE        ACCESS:    2130786 HIT:    2121942 MISS:       8844 MISS_MERGE:        914
cpu0->cpu0_L1D TRANSLATION  ACCESS:      12801 HIT:      11031 MISS:       1770 MISS_MERGE:         34
cpu0->cpu0_L1D PREFETCH REQUESTED:          0 ISSUED:          0 USEFUL:          0 USELESS:          0
cpu0->cpu0_L1D AVERAGE MISS LATENCY: 29.27 cycles
cpu0->cpu0_L1I TOTAL        ACCESS:      24832 HIT:      24712 MISS:        120 MISS_MERGE:         15
cpu0->cpu0_L1I LOAD         ACCESS:      24832 HIT:      24712 MISS:        120 MISS_MERGE:         15
cpu0->cpu0_L1I RFO          ACCESS:          0 HIT:          0 MISS:          0 MISS_MERGE:          0
cpu0->cpu0_L1I PREFETCH     ACCESS:          0 HIT:          0 MISS:          0 MISS_MERGE:          0
cpu0->cpu0_L1I WRITE        ACCESS:          0 HIT:          0 MISS:          0 MISS_MERGE:          0
cpu0->cpu0_L1I TRANSLATION  ACCESS:          0 HIT:          0 MISS:          0 MISS_MERGE:          0
cpu0->cpu0_L1I PREFETCH REQUESTED:          0 ISSUED:          0 USEFUL:          0 USELESS:          0
cpu0->cpu0_L1I AVERAGE MISS LATENCY: 201 cycles
cpu0->cpu0_L2C TOTAL        ACCESS:    1705971 HIT:    1216758 MISS:     489213 MISS_MERGE:          0
cpu0->cpu0_L2C LOAD         ACCESS:    1271670 HIT:     785395 MISS:     486275 MISS_MERGE:          0
cpu0->cpu0_L2C RFO          ACCESS:       7930 HIT:       6248 MISS:       1682 MISS_MERGE:          0
cpu0->cpu0_L2C PREFETCH     ACCESS:          0 HIT:          0 MISS:          0 MISS_MERGE:          0
cpu0->cpu0_L2C WRITE        ACCESS:     424635 HIT:     424512 MISS:        123 MISS_MERGE:          0
cpu0->cpu0_L2C TRANSLATION  ACCESS:       1736 HIT:        603 MISS:       1133 MISS_MERGE:          0
cpu0->cpu0_L2C PREFETCH REQUESTED:          0 ISSUED:          0 USEFUL:          0 USELESS:          0
cpu0->cpu0_L2C AVERAGE MISS LATENCY: 57.36 cycles
cpu0->cpu0_STLB TOTAL        ACCESS:    1184066 HIT:    1177672 MISS:       6394 MISS_MERGE:          0
cpu0->cpu0_STLB LOAD         ACCESS:    1184066 HIT:    1177672 MISS:       6394 MISS_MERGE:          0
cpu0->cpu0_STLB RFO          ACCESS:          0 HIT:          0 MISS:          0 MISS_MERGE:          0
cpu0->cpu0_STLB PREFETCH     ACCESS:          0 HIT:          0 MISS:          0 MISS_MERGE:          0
cpu0->cpu0_STLB WRITE        ACCESS:          0 HIT:          0 MISS:          0 MISS_MERGE:          0
cpu0->cpu0_STLB TRANSLATION  ACCESS:          0 HIT:          0 MISS:          0 MISS_MERGE:          0
cpu0->cpu0_STLB PREFETCH REQUESTED:          0 ISSUED:          0 USEFUL:          0 USELESS:          0
cpu0->cpu0_STLB AVERAGE MISS LATENCY: 134.4 cycles

DRAM Statistics

Channel 0 RQ ROW_BUFFER_HIT:        620
  ROW_BUFFER_MISS:     127243
  AVG DBUS CONGESTED CYCLE: 18.4
Channel 0 WQ ROW_BUFFER_HIT:      10161
  ROW_BUFFER_MISS:      62233
  FULL:          0
Channel 0 REFRESHES ISSUED:       6969
