[VMEM] WARNING: physical memory size is smaller than virtual memory size.
WARNING: option --warmup_instructions is deprecated. Use --warmup-instructions instead.
WARNING: option --simulation_instructions is deprecated. Use --simulation-instructions instead.

*** ChampSim Multicore Out-of-Order Simulator ***
Warmup Instructions: 20000000
Simulation Instructions: 50000000
Number of CPUs: 1
Page size: 4096

Off-chip DRAM Size: 16 GiB Channels: 1 Width: 64-bit Data Rate: 3205 MT/s
Heartbeat CPU 0 instructions: 10000001 cycles: 10717373 heartbeat IPC: 0.9331 cumulative IPC: 0.9331 (Simulation time: 00 hr 01 min 00 sec)
Heartbeat CPU 0 instructions: 20000003 cycles: 21431831 heartbeat IPC: 0.9333 cumulative IPC: 0.9332 (Simulation time: 00 hr 02 min 00 sec)
Warmup finished CPU 0 instructions: 20000003 cycles: 21431831 cumulative IPC: 0.9332 (Simulation time: 00 hr 02 min 00 sec)
Warmup complete CPU 0 instructions: 20000003 cycles: 21431831 cumulative IPC: 0.9332 (Simulation time: 00 hr 02 min 00 sec)
Heartbeat CPU 0 instructions: 30000007 cycles: 33048846 heartbeat IPC: 0.8608 cumulative IPC: 0.8608 (Simulation time: 00 hr 02 min 55 sec)
Heartbeat CPU 0 instructions: 40000007 cycles: 44690927 heartbeat IPC: 0.859 cumulative IPC: 0.8599 (Simulation time: 00 hr 03 min 49 sec)
Heartbeat CPU 0 instructions: 50000007 cycles: 56358939 heartbeat IPC: 0.857 cumulative IPC: 0.8589 (Simulation time: 00 hr 04 min 43 sec)
Heartbeat CPU 0 instructions: 60000007 cycles: 67986124 heartbeat IPC: 0.8601 cumulative IPC: 0.8592 (Simulation time: 00 hr 05 min 37 sec)
Simulation finished CPU 0 instructions: 50000003 cycles: 58183469 cumulative IPC: 0.8594 (Simulation time: 00 hr 06 min 32 sec)
Simulation complete CPU 0 instructions: 50000003 cycles: 58183469 cumulative IPC: 0.8594 (Simulation time: 00 hr 06 min 32 sec)

ChampSim completed all CPUs

=== Simulation ===
CPU 0 runs traces/456.hmmer-191B.champsimtrace.xz

Region of Interest Statistics

CPU 0 cumulative IPC: 0.8594 instructions: 50000003 cycles: 58183469
CPU 0 Branch Prediction Accuracy: 99.54% MPKI: 0.2056 Average ROB Occupancy at Mispredict: 180.1
Branch type MPKI
BRANCH_DIRECT_JUMP: 0.00128
BRANCH_INDIRECT: 0.00088
BRANCH_CONDITIONAL: 0.1998
BRANCH_DIRECT_CALL: 0.00166
BRANCH_INDIRECT_CALL: 0.00018
BRANCH_RETURN: 0.00174

cpu0->LLC TOTAL        ACCESS:     265320 HIT:     210418 MISS:      54902 MISS_MERGE:          0
cpu0->LLC LOAD         ACCESS:       6637 HIT:       4856 MISS:       1781 MISS_MERGE:          0
cpu0->LLC RFO          ACCESS:     128726 HIT:      75695 MISS:      53031 MISS_MERGE:          0
cpu0->LLC PREFETCH     ACCESS:          0 HIT:          0 MISS:          0 MISS_MERGE:          0
cpu0->LLC WRITE        ACCESS:     129867 HIT:     129855 MISS:         12 MISS_MERGE:          0
cpu0->LLC TRANSLATION  ACCESS:         90 HIT:         12 MISS:         78 MISS_MERGE:          0
cpu0->LLC PREFETCH REQUESTED:          0 ISSUED:          0 USEFUL:          0 USELESS:          0
cpu0->LLC AVERAGE MISS LATENCY: 180.9 cycles
cpu0->cpu0_DTLB TOTAL        ACCESS:   26679721 HIT:   26671316 MISS:       8405 MISS_MERGE:       4706
cpu0->cpu0_DTLB LOAD         ACCESS:   26679721 HIT:   26671316 MISS:       8405 MISS_MERGE:       4706
cpu0->cpu0_DTLB RFO          ACCESS:          0 HIT:          0 MISS:          0 MISS_MERGE:          0
cpu0->cpu0_DTLB PREFETCH     ACCESS:          0 HIT:          0 MISS:          0 MISS_MERGE:          0
cpu0->cpu0_DTLB WRITE        ACCESS:          0 HIT:          0 MISS:          0 MISS_MERGE:          0
cpu0->cpu0_DTLB TRANSLATION  ACCESS:          0 HIT:          0 MISS:          0 MISS_MERGE:          0
cpu0->cpu0_DTLB PREFETCH REQUESTED:          0 ISSUED:          0 USEFUL:          0 USELESS:          0
cpu0->cpu0_DTLB AVERAGE MISS LATENCY: 29.37 cycles
cpu0->cpu0_ITLB TOTAL        ACCESS:   13907034 HIT:   13906972 MISS:         62 MISS_MERGE:         29
cpu0->cpu0_ITLB LOAD         ACCESS:   13907034 HIT:   13906972 MISS:         62 MISS_MERGE:         29
cpu0->cpu0_ITLB RFO          ACCESS:          0 HIT:          0 MISS:          0 MISS_MERGE:          0
cpu0->cpu0_ITLB PREFETCH     ACCESS:          0 HIT:          0 MISS:          0 MISS_MERGE:          0
cpu0->cpu0_ITLB WRITE        ACCESS:          0 HIT:          0 MISS:          0 MISS_MERGE:          0
cpu0->cpu0_ITLB TRANSLATION  ACCESS:          0 HIT:          0 MISS:          0 MISS_MERGE:          0
cpu0->cpu0_ITLB PREFETCH REQUESTED:          0 ISSUED:          0 USEFUL:          0 USELESS:          0
cpu0->cpu0_ITLB AVERAGE MISS LATENCY: 285.6 cycles
cpu0->cpu0_L1D TOTAL        ACCESS:   26680637 HIT:   25911605 MISS:     769032 MISS_MERGE:     594463
cpu0->cpu0_L1D LOAD         ACCESS:   19657779 HIT:   19612130 MISS:      45649 MISS_MERGE:       4561
cpu0->cpu0_L1D RFO          ACCESS:          0 HIT:          0 MISS:          0 MISS_MERGE:          0
cpu0->cpu0_L1D PREFETCH     ACCESS:          0 HIT:          0 MISS:          0 MISS_MERGE:          0
cpu0->cpu0_L1D WRITE        ACCESS:    7022056 HIT:    6298767 MISS:     723289 MISS_MERGE:     589902
cpu0->cpu0_L1D TRANSLATION  ACCESS:        802 HIT:        708 MISS:         94 MISS_MERGE:          0
cpu0->cpu0_L1D PREFETCH REQUESTED:          0 ISSUED:          0 USEFUL:          0 USELESS:          0
cpu0->cpu0_L1D AVERAGE MISS LATENCY: 73.9 cycles
cpu0->cpu0_L1I TOTAL        ACCESS:   13993542 HIT:   13993186 MISS:        356 MISS_MERGE:         37
cpu0->cpu0_L1I LOAD         ACCESS:   13993542 HIT:   13993186 MISS:        356 MISS_MERGE:         37
cpu0->cpu0_L1I RFO          ACCESS:          0 HIT:          0 MISS:          0 MISS_MERGE:          0
cpu0->cpu0_L1I PREFETCH     ACCESS:          0 HIT:          0 MISS:          0 MISS_MERGE:          0
cpu0->cpu0_L1I WRITE        ACCESS:          0 HIT:          0 MISS:          0 MISS_MERGE:          0
cpu0->cpu0_L1I TRANSLATION  ACCESS:          0 HIT:          0 MISS:          0 MISS_MERGE:          0
cpu0->cpu0_L1I PREFETCH REQUESTED:          0 ISSUED:          0 USEFUL:          0 USELESS:          0
cpu0->cpu0_L1I AVERAGE MISS LATENCY: 216 cycles
cpu0->cpu0_L2C TOTAL        ACCESS:     308750 HIT:     173295 MISS:     135455 MISS_MERGE:          0
cpu0->cpu0_L2C LOAD         ACCESS:      41407 HIT:      34770 MISS:       6637 MISS_MERGE:          0
cpu0->cpu0_L2C RFO          ACCESS:     133387 HIT:       4661 MISS:     128726 MISS_MERGE:          0
cpu0->cpu0_L2C PREFETCH     ACCESS:          0 HIT:          0 MISS:          0 MISS_MERGE:          0
cpu0->cpu0_L2C WRITE        ACCESS:     133862 HIT:     133860 MISS:          2 MISS_MERGE:          0
cpu0->cpu0_L2C TRANSLATION  ACCESS:         94 HIT:          4 MISS:         90 MISS_MERGE:          0
cpu0->cpu0_L2C PREFETCH REQUESTED:          0 ISSUED:          0 USEFUL:          0 USELESS:          0
cpu0->cpu0_L2C AVERAGE MISS LATENCY: 85.71 cycles
cpu0->cpu0_STLB TOTAL        ACCESS:       3732 HIT:       3332 MISS:        400 MISS_MERGE:          0
cpu0->cpu0_STLB LOAD         ACCESS:       3732 HIT:       3332 MISS:        400 MISS_MERGE:          0
cpu0->cpu0_STLB RFO          ACCESS:          0 HIT:          0 MISS:          0 MISS_MERGE:          0
cpu0->cpu0_STLB PREFETCH     ACCESS:          0 HIT:          0 MISS:          0 MISS_MERGE:          0
cpu0->cpu0_STLB WRITE        ACCESS:          0 HIT:          0 MISS:          0 MISS_MERGE:          0
cpu0->cpu0_STLB TRANSLATION  ACCESS:          0 HIT:          0 MISS:          0 MISS_MERGE:          0
cpu0->cpu0_STLB PREFETCH REQUESTED:          0 ISSUED:          0 USEFUL:          0 USELESS:          0
cpu0->cpu0_STLB AVERAGE MISS LATENCY: 256.8 cycles

DRAM Statistics

Channel 0 RQ ROW_BUFFER_HIT:          9
  ROW_BUFFER_MISS:      54881
  AVG DBUS CONGESTED CYCLE: 5.519
Channel 0 WQ ROW_BUFFER_HIT:        814
  ROW_BUFFER_MISS:      52549
  FULL:          0
Channel 0 REFRESHES ISSUED:       4849
