[VMEM] WARNING: physical memory size is smaller than virtual memory size.
WARNING: option --warmup_instructions is deprecated. Use --warmup-instructions instead.
WARNING: option --simulation_instructions is deprecated. Use --simulation-instructions instead.

*** ChampSim Multicore Out-of-Order Simulator ***
Warmup Instructions: 20000000
Simulation Instructions: 50000000
Number of CPUs: 1
Page size: 4096

Off-chip DRAM Size: 16 GiB Channels: 1 Width: 64-bit Data Rate: 3205 MT/s
Heartbeat CPU 0 instructions: 10000003 cycles: 6728902 heartbeat IPC: 1.486 cumulative IPC: 1.486 (Simulation time: 00 hr 00 min 43 sec)
Warmup finished CPU 0 instructions: 20000002 cycles: 13294209 cumulative IPC: 1.504 (Simulation time: 00 hr 01 min 26 sec)
Warmup complete CPU 0 instructions: 20000002 cycles: 13294209 cumulative IPC: 1.504 (Simulation time: 00 hr 01 min 26 sec)
Heartbeat CPU 0 instructions: 20000007 cycles: 13294210 heartbeat IPC: 1.523 cumulative IPC: nan (Simulation time: 00 hr 01 min 26 sec)
Heartbeat CPU 0 instructions: 30000007 cycles: 31310479 heartbeat IPC: 0.5551 cumulative IPC: 0.5551 (Simulation time: 00 hr 02 min 17 sec)
Heartbeat CPU 0 instructions: 40000010 cycles: 47847581 heartbeat IPC: 0.6047 cumulative IPC: 0.5788 (Simulation time: 00 hr 03 min 05 sec)
Heartbeat CPU 0 instructions: 50000010 cycles: 64109884 heartbeat IPC: 0.6149 cumulative IPC: 0.5904 (Simulation time: 00 hr 03 min 52 sec)
Heartbeat CPU 0 instructions: 60000010 cycles: 80883388 heartbeat IPC: 0.5962 cumulative IPC: 0.5918 (Simulation time: 00 hr 04 min 40 sec)
Simulation finished CPU 0 instructions: 50000000 cycles: 83613697 cumulative IPC: 0.598 (Simulation time: 00 hr 05 min 27 sec)
Simulation complete CPU 0 instructions: 50000000 cycles: 83613697 cumulative IPC: 0.598 (Simulation time: 00 hr 05 min 27 sec)

ChampSim completed all CPUs

=== Simulation ===
CPU 0 runs traces/473.astar-42B.champsimtrace.xz

Region of Interest Statistics

CPU 0 cumulative IPC: 0.598 instructions: 50000000 cycles: 83613697
CPU 0 Branch Prediction Accuracy: 84.39% MPKI: 29.44 Average ROB Occupancy at Mispredict: 17.35
Branch type MPKI
BRANCH_DIRECT_JUMP: 0.00048
BRANCH_INDIRECT: 0
BRANCH_CONDITIONAL: 29.43
BRANCH_DIRECT_CALL: 0.00036
BRANCH_INDIRECT_CALL: 0
BRANCH_RETURN: 0.00044

cpu0->LLC TOTAL        ACCESS:     673426 HIT:     544913 MISS:     128513 MISS_MERGE:          0
cpu0->LLC LOAD         ACCESS:     488265 HIT:     360970 MISS:     127295 MISS_MERGE:          0
cpu0->LLC RFO          ACCESS:       1693 HIT:       1409 MISS:        284 MISS_MERGE:          0
cpu0->LLC PREFETCH     ACCESS:          0 HIT:          0 MISS:          0 MISS_MERGE:          0
cpu0->LLC WRITE        ACCESS:     182348 HIT:     182265 MISS:         83 MISS_MERGE:          0
cpu0->LLC TRANSLATION  ACCESS:       1120 HIT:        269 MISS:        851 MISS_MERGE:          0
cpu0->LLC PREFETCH REQUESTED:          0 ISSUED:          0 USEFUL:          0 USELESS:          0
cpu0->LLC AVERAGE MISS LATENCY: 172.7 cycles
cpu0->cpu0_DTLB TOTAL        ACCESS:   16982992 HIT:   15483168 MISS:    1499824 MISS_MERGE:     315764
cpu0->cpu0_DTLB LOAD         ACCESS:   16982992 HIT:   15483168 MISS:    1499824 MISS_MERGE:     315764
cpu0->cpu0_DTLB RFO          ACCESS:          0 HIT:          0 MISS:          0 MISS_MERGE:          0
cpu0->cpu0_DTLB PREFETCH     ACCESS:          0 HIT:          0 MISS:          0 MISS_MERGE:          0
cpu0->cpu0_DTLB WRITE        ACCESS:          0 HIT:          0 MISS:          0 MISS_MERGE:          0
cpu0->cpu0_DTLB TRANSLATION  ACCESS:          0 HIT:          0 MISS:          0 MISS_MERGE:          0
cpu0->cpu0_DTLB PREFETCH REQUESTED:          0 ISSUED:          0 USEFUL:          0 USELESS:          0
cpu0->cpu0_DTLB AVERAGE MISS LATENCY: 4.725 cycles
cpu0->cpu0_ITLB TOTAL        ACCESS:      24832 HIT:      24816 MISS:         16 MISS_MERGE:          8
cpu0->cpu0_ITLB LOAD         ACCESS:      24832 HIT:      24816 MISS:         16 MISS_MERGE:          8
cpu0->cpu0_ITLB RFO          ACCESS:          0 HIT:          0 MISS:          0 MISS_MERGE:          0
cpu0->cpu0_ITLB PREFETCH     ACCESS:          0 HIT:          0 MISS:          0 MISS_MERGE:          0
cpu0->cpu0_ITLB WRITE        ACCESS:          0 HIT:          0 MISS:          0 MISS_MERGE:          0
cpu0->cpu0_ITLB TRANSLATION  ACCESS:          0 HIT:          0 MISS:          0 MISS_MERGE:          0
cpu0->cpu0_ITLB PREFETCH REQUESTED:          0 ISSUED:          0 USEFUL:          0 USELESS:          0
cpu0->cpu0_ITLB AVERAGE MISS LATENCY: 295.2 cycles
cpu0->cpu0_L1D TOTAL        ACCESS:   16995793 HIT:   15183001 MISS:    1812792 MISS_MERGE:     531672
cpu0->cpu0_L1D LOAD         ACCESS:   14852207 HIT:   13050006 MISS:    1802201 MISS_MERGE:     530748
cpu0->cpu0_L1D RFO          ACCESS:          0 HIT:          0 MISS:          0 MISS_MERGE:          0
cpu0->cpu0_L1D PREFETCH     ACCESS:          0 HIT:          0 MISS:          0 MISS_MERGE:          0
cpu0->cpu0_L1D WRITE        ACCESS:    2130785 HIT:    2121959 MISS:       8826 MISS_MERGE:        895
cpu0->cpu0_L1D TRANSLATION  ACCESS:      12801 HIT:      11036 MISS:       1765 MISS_MERGE:         29
cpu0->cpu0_L1D PREFETCH REQUESTED:          0 ISSUED:          0 USEFUL:          0 USELESS:          0
cpu0->cpu0_L1D AVERAGE MISS LATENCY: 29.4 cycles
cpu0->cpu0_L1I TOTAL        ACCESS:      24834 HIT:      24714 MISS:        120 MISS_MERGE:         15
cpu0->cpu0_L1I LOAD         ACCESS:      24834 HIT:      24714 MISS:        120 MISS_MERGE:         15
cpu0->cpu0_L1I RFO          ACCESS:          0 HIT:          0 MISS:          0 MISS_MERGE:          0
cpu0->cpu0_L1I PREFETCH     ACCESS:          0 HIT:          0 MISS:          0 MISS_MERGE:          0
cpu0->cpu0_L1I WRITE        ACCESS:          0 HIT:          0 MISS:          0 MISS_MERGE:          0
cpu0->cpu0_L1I TRANSLATION  ACCESS:          0 HIT:          0 MISS:          0 MISS_MERGE:          0
cpu0->cpu0_L1I PREFETCH REQUESTED:          0 ISSUED:          0 USEFUL:          0 USELESS:          0
cpu0->cpu0_L1I AVERAGE MISS LATENCY: 206.7 cycles
cpu0->cpu0_L2C TOTAL        ACCESS:    1705823 HIT:    1214617 MISS:     491206 MISS_MERGE:          1
cpu0->cpu0_L2C LOAD         ACCESS:    1271558 HIT:     783293 MISS:     488265 MISS_MERGE:          0
cpu0->cpu0_L2C RFO          ACCESS:       7931 HIT:       6237 MISS:       1694 MISS_MERGE:          1
cpu0->cpu0_L2C PREFETCH     ACCESS:          0 HIT:          0 MISS:          0 MISS_MERGE:          0
cpu0->cpu0_L2C WRITE        ACCESS:     424598 HIT:     424471 MISS:        127 MISS_MERGE:          0
cpu0->cpu0_L2C TRANSLATION  ACCESS:       1736 HIT:        616 MISS:       1120 MISS_MERGE:          0
cpu0->cpu0_L2C PREFETCH REQUESTED:          0 ISSUED:          0 USEFUL:          0 USELESS:          0
cpu0->cpu0_L2C AVERAGE MISS LATENCY: 57.45 cycles
cpu0->cpu0_STLB TOTAL        ACCESS:    1184068 HIT:    1177674 MISS:       6394 MISS_MERGE:          0
cpu0->cpu0_STLB LOAD         ACCESS:    1184068 HIT:    1177674 MISS:       6394 MISS_MERGE:          0
cpu0->cpu0_STLB RFO          ACCESS:          0 HIT:          0 MISS:          0 MISS_MERGE:          0
cpu0->cpu0_STLB PREFETCH     ACCESS:          0 HIT:          0 MISS:          0 MISS_MERGE:          0
cpu0->cpu0_STLB WRITE        ACCESS:          0 HIT:          0 MISS:          0 MISS_MERGE:          0
cpu0->cpu0_STLB TRANSLATION  ACCESS:          0 HIT:          0 MISS:          0 MISS_MERGE:          0
cpu0->cpu0_STLB PREFETCH REQUESTED:          0 ISSUED:          0 USEFUL:          0 USELESS:          0
cpu0->cpu0_STLB AVERAGE MISS LATENCY: 133.6 cycles

DRAM Statistics

Channel 0 RQ ROW_BUFFER_HIT:        794
  ROW_BUFFER_MISS:     127413
  AVG DBUS CONGESTED CYCLE: 18.44
Channel 0 WQ ROW_BUFFER_HIT:      10211
  ROW_BUFFER_MISS:      62259
  FULL:          0
Channel 0 REFRESHES ISSUED:       6968
