[VMEM] WARNING: physical memory size is smaller than virtual memory size.
WARNING: option --warmup_instructions is deprecated. Use --warmup-instructions instead.
WARNING: option --simulation_instructions is deprecated. Use --simulation-instructions instead.

*** ChampSim Multicore Out-of-Order Simulator ***
Warmup Instructions: 20000000
Simulation Instructions: 50000000
Number of CPUs: 1
Page size: 4096

Off-chip DRAM Size: 16 GiB Channels: 1 Width: 64-bit Data Rate: 3205 MT/s
Heartbeat CPU 0 instructions: 10000001 cycles: 10764542 heartbeat IPC: 0.929 cumulative IPC: 0.929 (Simulation time: 00 hr 00 min 55 sec)
Heartbeat CPU 0 instructions: 20000001 cycles: 21792334 heartbeat IPC: 0.9068 cumulative IPC: 0.9178 (Simulation time: 00 hr 01 min 53 sec)
Warmup finished CPU 0 instructions: 20000001 cycles: 21792334 cumulative IPC: 0.9178 (Simulation time: 00 hr 01 min 53 sec)
Warmup complete CPU 0 instructions: 20000001 cycles: 21792334 cumulative IPC: 0.9178 (Simulation time: 00 hr 01 min 53 sec)
Heartbeat CPU 0 instructions: 30000001 cycles: 42660043 heartbeat IPC: 0.4792 cumulative IPC: 0.4792 (Simulation time: 00 hr 03 min 11 sec)
Heartbeat CPU 0 instructions: 40000003 cycles: 64722386 heartbeat IPC: 0.4533 cumulative IPC: 0.4659 (Simulation time: 00 hr 04 min 32 sec)
Heartbeat CPU 0 instructions: 50000007 cycles: 91449985 heartbeat IPC: 0.3741 cumulative IPC: 0.4307 (Simulation time: 00 hr 06 min 10 sec)
Heartbeat CPU 0 instructions: 60000007 cycles: 125558924 heartbeat IPC: 0.2932 cumulative IPC: 0.3855 (Simulation time: 00 hr 07 min 57 sec)
Simulation finished CPU 0 instructions: 50000002 cycles: 131178690 cumulative IPC: 0.3812 (Simulation time: 00 hr 09 min 27 sec)
Simulation complete CPU 0 instructions: 50000002 cycles: 131178690 cumulative IPC: 0.3812 (Simulation time: 00 hr 09 min 27 sec)

ChampSim completed all CPUs

=== Simulation ===
CPU 0 runs traces/429.mcf-22B.champsimtrace.xz

Region of Interest Statistics

CPU 0 cumulative IPC: 0.3812 instructions: 50000002 cycles: 131178690
CPU 0 Branch Prediction Accuracy: 98.75% MPKI: 1.081 Average ROB Occupancy at Mispredict: 153.4
Branch type MPKI
BRANCH_DIRECT_JUMP: 0
BRANCH_INDIRECT: 0
BRANCH_CONDITIONAL: 1.081
BRANCH_DIRECT_CALL: 0
BRANCH_INDIRECT_CALL: 0
BRANCH_RETURN: 0

cpu0->LLC TOTAL        ACCESS:    1943441 HIT:     694009 MISS:    1249432 MISS_MERGE:          0
cpu0->LLC LOAD         ACCESS:    1210028 HIT:      54434 MISS:    1155594 MISS_MERGE:          0
cpu0->LLC RFO          ACCESS:          9 HIT:          1 MISS:          8 MISS_MERGE:          0
cpu0->LLC PREFETCH     ACCESS:          0 HIT:          0 MISS:          0 MISS_MERGE:          0
cpu0->LLC WRITE        ACCESS:     660616 HIT:     631362 MISS:      29254 MISS_MERGE:          0
cpu0->LLC TRANSLATION  ACCESS:      72788 HIT:       8212 MISS:      64576 MISS_MERGE:          0
cpu0->LLC PREFETCH REQUESTED:          0 ISSUED:          0 USEFUL:          0 USELESS:          0
cpu0->LLC AVERAGE MISS LATENCY: 204.6 cycles
cpu0->cpu0_DTLB TOTAL        ACCESS:   24686776 HIT:   23745869 MISS:     940907 MISS_MERGE:     710200
cpu0->cpu0_DTLB LOAD         ACCESS:   24686776 HIT:   23745869 MISS:     940907 MISS_MERGE:     710200
cpu0->cpu0_DTLB RFO          ACCESS:          0 HIT:          0 MISS:          0 MISS_MERGE:          0
cpu0->cpu0_DTLB PREFETCH     ACCESS:          0 HIT:          0 MISS:          0 MISS_MERGE:          0
cpu0->cpu0_DTLB WRITE        ACCESS:          0 HIT:          0 MISS:          0 MISS_MERGE:          0
cpu0->cpu0_DTLB TRANSLATION  ACCESS:          0 HIT:          0 MISS:          0 MISS_MERGE:          0
cpu0->cpu0_DTLB PREFETCH REQUESTED:          0 ISSUED:          0 USEFUL:          0 USELESS:          0
cpu0->cpu0_DTLB AVERAGE MISS LATENCY: 165 cycles
cpu0->cpu0_ITLB TOTAL        ACCESS:    7500153 HIT:    7500153 MISS:          0 MISS_MERGE:          0
cpu0->cpu0_ITLB LOAD         ACCESS:    7500153 HIT:    7500153 MISS:          0 MISS_MERGE:          0
cpu0->cpu0_ITLB RFO          ACCESS:          0 HIT:          0 MISS:          0 MISS_MERGE:          0
cpu0->cpu0_ITLB PREFETCH     ACCESS:          0 HIT:          0 MISS:          0 MISS_MERGE:          0
cpu0->cpu0_ITLB WRITE        ACCESS:          0 HIT:          0 MISS:          0 MISS_MERGE:          0
cpu0->cpu0_ITLB TRANSLATION  ACCESS:          0 HIT:          0 MISS:          0 MISS_MERGE:          0
cpu0->cpu0_ITLB PREFETCH REQUESTED:          0 ISSUED:          0 USEFUL:          0 USELESS:          0
cpu0->cpu0_ITLB AVERAGE MISS LATENCY: - cycles
cpu0->cpu0_L1D TOTAL        ACCESS:   25016799 HIT:   22115734 MISS:    2901065 MISS_MERGE:    1595182
cpu0->cpu0_L1D LOAD         ACCESS:   12183088 HIT:    9363140 MISS:    2819948 MISS_MERGE:    1592810
cpu0->cpu0_L1D RFO          ACCESS:          0 HIT:          0 MISS:          0 MISS_MERGE:          0
cpu0->cpu0_L1D PREFETCH     ACCESS:          0 HIT:          0 MISS:          0 MISS_MERGE:          0
cpu0->cpu0_L1D WRITE        ACCESS:   12504391 HIT:   12502525 MISS:       1866 MISS_MERGE:        931
cpu0->cpu0_L1D TRANSLATION  ACCESS:     329320 HIT:     250069 MISS:      79251 MISS_MERGE:       1441
cpu0->cpu0_L1D PREFETCH REQUESTED:          0 ISSUED:          0 USEFUL:          0 USELESS:          0
cpu0->cpu0_L1D AVERAGE MISS LATENCY: 216.3 cycles
cpu0->cpu0_L1I TOTAL        ACCESS:    7500153 HIT:    7500153 MISS:          0 MISS_MERGE:          0
cpu0->cpu0_L1I LOAD         ACCESS:    7500153 HIT:    7500153 MISS:          0 MISS_MERGE:          0
cpu0->cpu0_L1I RFO          ACCESS:          0 HIT:          0 MISS:          0 MISS_MERGE:          0
cpu0->cpu0_L1I PREFETCH     ACCESS:          0 HIT:          0 MISS:          0 MISS_MERGE:          0
cpu0->cpu0_L1I WRITE        ACCESS:          0 HIT:          0 MISS:          0 MISS_MERGE:          0
cpu0->cpu0_L1I TRANSLATION  ACCESS:          0 HIT:          0 MISS:          0 MISS_MERGE:          0
cpu0->cpu0_L1I PREFETCH REQUESTED:          0 ISSUED:          0 USEFUL:          0 USELESS:          0
cpu0->cpu0_L1I AVERAGE MISS LATENCY: - cycles
cpu0->cpu0_L2C TOTAL        ACCESS:    1980685 HIT:     696662 MISS:    1284023 MISS_MERGE:          0
cpu0->cpu0_L2C LOAD         ACCESS:    1227138 HIT:      17110 MISS:    1210028 MISS_MERGE:          0
cpu0->cpu0_L2C RFO          ACCESS:        935 HIT:        926 MISS:          9 MISS_MERGE:          0
cpu0->cpu0_L2C PREFETCH     ACCESS:          0 HIT:          0 MISS:          0 MISS_MERGE:          0
cpu0->cpu0_L2C WRITE        ACCESS:     674802 HIT:     673604 MISS:       1198 MISS_MERGE:          0
cpu0->cpu0_L2C TRANSLATION  ACCESS:      77810 HIT:       5022 MISS:      72788 MISS_MERGE:          0
cpu0->cpu0_L2C PREFETCH REQUESTED:          0 ISSUED:          0 USEFUL:          0 USELESS:          0
cpu0->cpu0_L2C AVERAGE MISS LATENCY: 211.9 cycles
cpu0->cpu0_STLB TOTAL        ACCESS:     230707 HIT:      71906 MISS:     158801 MISS_MERGE:          0
cpu0->cpu0_STLB LOAD         ACCESS:     230707 HIT:      71906 MISS:     158801 MISS_MERGE:          0
cpu0->cpu0_STLB RFO          ACCESS:          0 HIT:          0 MISS:          0 MISS_MERGE:          0
cpu0->cpu0_STLB PREFETCH     ACCESS:          0 HIT:          0 MISS:          0 MISS_MERGE:          0
cpu0->cpu0_STLB WRITE        ACCESS:          0 HIT:          0 MISS:          0 MISS_MERGE:          0
cpu0->cpu0_STLB TRANSLATION  ACCESS:          0 HIT:          0 MISS:          0 MISS_MERGE:          0
cpu0->cpu0_STLB PREFETCH REQUESTED:          0 ISSUED:          0 USEFUL:          0 USELESS:          0
cpu0->cpu0_STLB AVERAGE MISS LATENCY: 232.9 cycles

DRAM Statistics

Channel 0 RQ ROW_BUFFER_HIT:       2067
  ROW_BUFFER_MISS:    1218097
  AVG DBUS CONGESTED CYCLE: 10.3
Channel 0 WQ ROW_BUFFER_HIT:     178496
  ROW_BUFFER_MISS:     464742
  FULL:          0
Channel 0 REFRESHES ISSUED:      10931
