[VMEM] WARNING: physical memory size is smaller than virtual memory size.
WARNING: option --warmup_instructions is deprecated. Use --warmup-instructions instead.
WARNING: option --simulation_instructions is deprecated. Use --simulation-instructions instead.

*** ChampSim Multicore Out-of-Order Simulator ***
Warmup Instructions: 20000000
Simulation Instructions: 50000000
Number of CPUs: 1
Page size: 4096

Off-chip DRAM Size: 16 GiB Channels: 1 Width: 64-bit Data Rate: 3205 MT/s
Heartbeat CPU 0 instructions: 10000001 cycles: 10765552 heartbeat IPC: 0.9289 cumulative IPC: 0.9289 (Simulation time: 00 hr 00 min 55 sec)
Heartbeat CPU 0 instructions: 20000001 cycles: 21791914 heartbeat IPC: 0.9069 cumulative IPC: 0.9178 (Simulation time: 00 hr 01 min 52 sec)
Warmup finished CPU 0 instructions: 20000001 cycles: 21791914 cumulative IPC: 0.9178 (Simulation time: 00 hr 01 min 52 sec)
Warmup complete CPU 0 instructions: 20000001 cycles: 21791914 cumulative IPC: 0.9178 (Simulation time: 00 hr 01 min 52 sec)
Heartbeat CPU 0 instructions: 30000001 cycles: 43216638 heartbeat IPC: 0.4668 cumulative IPC: 0.4668 (Simulation time: 00 hr 03 min 13 sec)
Heartbeat CPU 0 instructions: 40000005 cycles: 65652158 heartbeat IPC: 0.4457 cumulative IPC: 0.456 (Simulation time: 00 hr 04 min 37 sec)
Heartbeat CPU 0 instructions: 50000007 cycles: 92765875 heartbeat IPC: 0.3688 cumulative IPC: 0.4227 (Simulation time: 00 hr 06 min 19 sec)
Heartbeat CPU 0 instructions: 60000007 cycles: 129293634 heartbeat IPC: 0.2738 cumulative IPC: 0.3721 (Simulation time: 00 hr 08 min 12 sec)
Simulation finished CPU 0 instructions: 50000002 cycles: 135326190 cumulative IPC: 0.3695 (Simulation time: 00 hr 11 min 53 sec)
Simulation complete CPU 0 instructions: 50000002 cycles: 135326190 cumulative IPC: 0.3695 (Simulation time: 00 hr 11 min 53 sec)

ChampSim completed all CPUs

=== Simulation ===
CPU 0 runs traces/429.mcf-22B.champsimtrace.xz

Region of Interest Statistics

CPU 0 cumulative IPC: 0.3695 instructions: 50000002 cycles: 135326190
CPU 0 Branch Prediction Accuracy: 98.75% MPKI: 1.081 Average ROB Occupancy at Mispredict: 153.3
Branch type MPKI
BRANCH_DIRECT_JUMP: 0
BRANCH_INDIRECT: 0
BRANCH_CONDITIONAL: 1.081
BRANCH_DIRECT_CALL: 0
BRANCH_INDIRECT_CALL: 0
BRANCH_RETURN: 0

cpu0->LLC TOTAL        ACCESS:    1943525 HIT:     683933 MISS:    1259592 MISS_MERGE:          0
cpu0->LLC LOAD         ACCESS:    1210082 HIT:      17219 MISS:    1192863 MISS_MERGE:          0
cpu0->LLC RFO          ACCESS:          9 HIT:          1 MISS:          8 MISS_MERGE:          0
cpu0->LLC PREFETCH     ACCESS:          0 HIT:          0 MISS:          0 MISS_MERGE:          0
cpu0->LLC WRITE        ACCESS:     660657 HIT:     660277 MISS:        380 MISS_MERGE:          0
cpu0->LLC TRANSLATION  ACCESS:      72777 HIT:       6436 MISS:      66341 MISS_MERGE:          0
cpu0->LLC PREFETCH REQUESTED:          0 ISSUED:          0 USEFUL:          0 USELESS:          0
cpu0->LLC AVERAGE MISS LATENCY: 210.2 cycles
cpu0->cpu0_DTLB TOTAL        ACCESS:   24686892 HIT:   23742372 MISS:     944520 MISS_MERGE:     713857
cpu0->cpu0_DTLB LOAD         ACCESS:   24686892 HIT:   23742372 MISS:     944520 MISS_MERGE:     713857
cpu0->cpu0_DTLB RFO          ACCESS:          0 HIT:          0 MISS:          0 MISS_MERGE:          0
cpu0->cpu0_DTLB PREFETCH     ACCESS:          0 HIT:          0 MISS:          0 MISS_MERGE:          0
cpu0->cpu0_DTLB WRITE        ACCESS:          0 HIT:          0 MISS:          0 MISS_MERGE:          0
cpu0->cpu0_DTLB TRANSLATION  ACCESS:          0 HIT:          0 MISS:          0 MISS_MERGE:          0
cpu0->cpu0_DTLB PREFETCH REQUESTED:          0 ISSUED:          0 USEFUL:          0 USELESS:          0
cpu0->cpu0_DTLB AVERAGE MISS LATENCY: 166.9 cycles
cpu0->cpu0_ITLB TOTAL        ACCESS:    7500300 HIT:    7500300 MISS:          0 MISS_MERGE:          0
cpu0->cpu0_ITLB LOAD         ACCESS:    7500300 HIT:    7500300 MISS:          0 MISS_MERGE:          0
cpu0->cpu0_ITLB RFO          ACCESS:          0 HIT:          0 MISS:          0 MISS_MERGE:          0
cpu0->cpu0_ITLB PREFETCH     ACCESS:          0 HIT:          0 MISS:          0 MISS_MERGE:          0
cpu0->cpu0_ITLB WRITE        ACCESS:          0 HIT:          0 MISS:          0 MISS_MERGE:          0
cpu0->cpu0_ITLB TRANSLATION  ACCESS:          0 HIT:          0 MISS:          0 MISS_MERGE:          0
cpu0->cpu0_ITLB PREFETCH REQUESTED:          0 ISSUED:          0 USEFUL:          0 USELESS:          0
cpu0->cpu0_ITLB AVERAGE MISS LATENCY: - cycles
cpu0->cpu0_L1D TOTAL        ACCESS:   25016823 HIT:   22117793 MISS:    2899030 MISS_MERGE:    1593131
cpu0->cpu0_L1D LOAD         ACCESS:   12183088 HIT:    9365163 MISS:    2817925 MISS_MERGE:    1590766
cpu0->cpu0_L1D RFO          ACCESS:          0 HIT:          0 MISS:          0 MISS_MERGE:          0
cpu0->cpu0_L1D PREFETCH     ACCESS:          0 HIT:          0 MISS:          0 MISS_MERGE:          0
cpu0->cpu0_L1D WRITE        ACCESS:   12504391 HIT:   12502523 MISS:       1868 MISS_MERGE:        932
cpu0->cpu0_L1D TRANSLATION  ACCESS:     329344 HIT:     250107 MISS:      79237 MISS_MERGE:       1433
cpu0->cpu0_L1D PREFETCH REQUESTED:          0 ISSUED:          0 USEFUL:          0 USELESS:          0
cpu0->cpu0_L1D AVERAGE MISS LATENCY: 223.5 cycles
cpu0->cpu0_L1I TOTAL        ACCESS:    7500300 HIT:    7500300 MISS:          0 MISS_MERGE:          0
cpu0->cpu0_L1I LOAD         ACCESS:    7500300 HIT:    7500300 MISS:          0 MISS_MERGE:          0
cpu0->cpu0_L1I RFO          ACCESS:          0 HIT:          0 MISS:          0 MISS_MERGE:          0
cpu0->cpu0_L1I PREFETCH     ACCESS:          0 HIT:          0 MISS:          0 MISS_MERGE:          0
cpu0->cpu0_L1I WRITE        ACCESS:          0 HIT:          0 MISS:          0 MISS_MERGE:          0
cpu0->cpu0_L1I TRANSLATION  ACCESS:          0 HIT:          0 MISS:          0 MISS_MERGE:          0
cpu0->cpu0_L1I PREFETCH REQUESTED:          0 ISSUED:          0 USEFUL:          0 USELESS:          0
cpu0->cpu0_L1I AVERAGE MISS LATENCY: - cycles
cpu0->cpu0_L2C TOTAL        ACCESS:    1980701 HIT:     696636 MISS:    1284065 MISS_MERGE:          0
cpu0->cpu0_L2C LOAD         ACCESS:    1227159 HIT:      17077 MISS:    1210082 MISS_MERGE:          0
cpu0->cpu0_L2C RFO          ACCESS:        936 HIT:        927 MISS:          9 MISS_MERGE:          0
cpu0->cpu0_L2C PREFETCH     ACCESS:          0 HIT:          0 MISS:          0 MISS_MERGE:          0
cpu0->cpu0_L2C WRITE        ACCESS:     674802 HIT:     673605 MISS:       1197 MISS_MERGE:          0
cpu0->cpu0_L2C TRANSLATION  ACCESS:      77804 HIT:       5027 MISS:      72777 MISS_MERGE:          0
cpu0->cpu0_L2C PREFETCH REQUESTED:          0 ISSUED:          0 USEFUL:          0 USELESS:          0
cpu0->cpu0_L2C AVERAGE MISS LATENCY: 219.2 cycles
cpu0->cpu0_STLB TOTAL        ACCESS:     230663 HIT:      71860 MISS:     158803 MISS_MERGE:          0
cpu0->cpu0_STLB LOAD         ACCESS:     230663 HIT:      71860 MISS:     158803 MISS_MERGE:          0
cpu0->cpu0_STLB RFO          ACCESS:          0 HIT:          0 MISS:          0 MISS_MERGE:          0
cpu0->cpu0_STLB PREFETCH     ACCESS:          0 HIT:          0 MISS:          0 MISS_MERGE:          0
cpu0->cpu0_STLB WRITE        ACCESS:          0 HIT:          0 MISS:          0 MISS_MERGE:          0
cpu0->cpu0_STLB TRANSLATION  ACCESS:          0 HIT:          0 MISS:          0 MISS_MERGE:          0
cpu0->cpu0_STLB PREFETCH REQUESTED:          0 ISSUED:          0 USEFUL:          0 USELESS:          0
cpu0->cpu0_STLB AVERAGE MISS LATENCY: 235.6 cycles

DRAM Statistics

Channel 0 RQ ROW_BUFFER_HIT:       1926
  ROW_BUFFER_MISS:    1257275
  AVG DBUS CONGESTED CYCLE: 10.12
Channel 0 WQ ROW_BUFFER_HIT:     177861
  ROW_BUFFER_MISS:     462434
  FULL:          0
Channel 0 REFRESHES ISSUED:      11278
